<?xml version="1.0" encoding="UTF-8"?>
<map:map xmlns:map="http://www.indy.com/v2/map" id="__nnrELtSEe-m5b-WgwpGlQ" internalVersion="8" tech="resource.tech#_waYSMH8VEd2__Mzb_dB76A?fileId=_waYSMH8VEd2__Mzb_dB76A$type=tech$name=flow?">
  <datastore id="_CZ_sELtTEe-m5b-WgwpGlQ" alias="SAS_ADRESSE" dataset="_BoRjYMSXEe-m4akLKa8hrQ" ref="resource.md#_hisDXrfJEe-iaoMtKSubDA?fileId=_FZzs0LfJEe-iaoMtKSubDA$type=md$name=SAS_ADRESSE?">
    <field id="_CaGZw7tTEe-m5b-WgwpGlQ" fullAlias="LIGNE_2" name="LIGNE_2" ref="resource.md#_hisDebfJEe-iaoMtKSubDA?fileId=_FZzs0LfJEe-iaoMtKSubDA$type=md$name=LIGNE_2?"/>
    <field id="_CaGZwrtTEe-m5b-WgwpGlQ" fullAlias="LIGNE_1" name="LIGNE_1" ref="resource.md#_hisDc7fJEe-iaoMtKSubDA?fileId=_FZzs0LfJEe-iaoMtKSubDA$type=md$name=LIGNE_1?"/>
    <field id="_CaHA0LtTEe-m5b-WgwpGlQ" name="DATE_CREATION" ref="resource.md#_hisDqbfJEe-iaoMtKSubDA?fileId=_FZzs0LfJEe-iaoMtKSubDA$type=md$name=DATE_CREATION?"/>
    <field id="_CaGZybtTEe-m5b-WgwpGlQ" fullAlias="PAYS" name="PAYS" ref="resource.md#_hisDnbfJEe-iaoMtKSubDA?fileId=_FZzs0LfJEe-iaoMtKSubDA$type=md$name=PAYS?"/>
    <field id="_CaGZxbtTEe-m5b-WgwpGlQ" fullAlias="LIGNE_4" name="LIGNE_4" ref="resource.md#_hisDhbfJEe-iaoMtKSubDA?fileId=_FZzs0LfJEe-iaoMtKSubDA$type=md$name=LIGNE_4?"/>
    <field id="_CaGZx7tTEe-m5b-WgwpGlQ" fullAlias="VILLE" name="VILLE" ref="resource.md#_hisDkbfJEe-iaoMtKSubDA?fileId=_FZzs0LfJEe-iaoMtKSubDA$type=md$name=VILLE?"/>
    <field id="_CaGZxLtTEe-m5b-WgwpGlQ" fullAlias="LIGNE_3" name="LIGNE_3" ref="resource.md#_hisDf7fJEe-iaoMtKSubDA?fileId=_FZzs0LfJEe-iaoMtKSubDA$type=md$name=LIGNE_3?"/>
    <field id="_CaGZyLtTEe-m5b-WgwpGlQ" fullAlias="CODE_POSTAL" name="CODE_POSTAL" ref="resource.md#_hisDl7fJEe-iaoMtKSubDA?fileId=_FZzs0LfJEe-iaoMtKSubDA$type=md$name=CODE_POSTAL?"/>
    <field id="_CaGZwLtTEe-m5b-WgwpGlQ" name="ACTION" ref="resource.md#_hisDZ7fJEe-iaoMtKSubDA?fileId=_FZzs0LfJEe-iaoMtKSubDA$type=md$name=ACTION?"/>
    <field id="_CaHA0btTEe-m5b-WgwpGlQ" fullAlias="ID_FICHIER" name="ID_FICHIER" ref="resource.md#_hisDr7fJEe-iaoMtKSubDA?fileId=_FZzs0LfJEe-iaoMtKSubDA$type=md$name=ID_FICHIER?"/>
    <field id="_CaGZxrtTEe-m5b-WgwpGlQ" fullAlias="LIGNE_5" name="LIGNE_5" ref="resource.md#_hisDi7fJEe-iaoMtKSubDA?fileId=_FZzs0LfJEe-iaoMtKSubDA$type=md$name=LIGNE_5?"/>
    <field id="_CaGZyrtTEe-m5b-WgwpGlQ" name="QUALITE" ref="resource.md#_hisDo7fJEe-iaoMtKSubDA?fileId=_FZzs0LfJEe-iaoMtKSubDA$type=md$name=QUALITE?"/>
    <field id="_CaGZwbtTEe-m5b-WgwpGlQ" fullAlias="STATUS" name="STATUS" ref="resource.md#_hisDbbfJEe-iaoMtKSubDA?fileId=_FZzs0LfJEe-iaoMtKSubDA$type=md$name=STATUS?"/>
    <field id="_CaFysbtTEe-m5b-WgwpGlQ" fullAlias="CLE_CLIENT" name="CLE_CLIENT" ref="resource.md#_hisDYbfJEe-iaoMtKSubDA?fileId=_FZzs0LfJEe-iaoMtKSubDA$type=md$name=CLE_CLIENT?"/>
  </datastore>
  <datastore id="_Iv43ILtTEe-m5b-WgwpGlQ" alias="TRANSCO" dataset="_BoRjYMSXEe-m4akLKa8hrQ" ref="resource.md#_hinxtrfJEe-iaoMtKSubDA?fileId=_FZzs0LfJEe-iaoMtKSubDA$type=md$name=TRANSCO?">
    <field id="_Iv7TYbtTEe-m5b-WgwpGlQ" fullAlias="SOURCE_CODE" name="SOURCE_CODE" ref="resource.md#_hinxv7fJEe-iaoMtKSubDA?fileId=_FZzs0LfJEe-iaoMtKSubDA$type=md$name=SOURCE_CODE?"/>
    <field id="_Iv7TYrtTEe-m5b-WgwpGlQ" fullAlias="TARGET_VALUE" name="TARGET_VALUE" ref="resource.md#_hinxxbfJEe-iaoMtKSubDA?fileId=_FZzs0LfJEe-iaoMtKSubDA$type=md$name=TARGET_VALUE?"/>
    <field id="_Iv7TYLtTEe-m5b-WgwpGlQ" fullAlias="CONTEXTE" name="CONTEXTE" ref="resource.md#_hinxubfJEe-iaoMtKSubDA?fileId=_FZzs0LfJEe-iaoMtKSubDA$type=md$name=CONTEXTE?"/>
    <field id="_Iv7TY7tTEe-m5b-WgwpGlQ" name="DESCRIPTION" ref="resource.md#_hinxy7fJEe-iaoMtKSubDA?fileId=_FZzs0LfJEe-iaoMtKSubDA$type=md$name=DESCRIPTION?"/>
  </datastore>
  <datastore id="_BoJnkMSXEe-m4akLKa8hrQ" alias="DWH_CLIENT" dataset="_BoRjYMSXEe-m4akLKa8hrQ" ref="resource.md#_Aezr1MSVEe-m4akLKa8hrQ?fileId=_FZzs0LfJEe-iaoMtKSubDA$type=md$name=DWH_CLIENT?">
    <field id="_BoMD3MSXEe-m4akLKa8hrQ" name="ID_FICHIER" ref="resource.md#_AezsHsSVEe-m4akLKa8hrQ?fileId=_FZzs0LfJEe-iaoMtKSubDA$type=md$name=ID_FICHIER?"/>
    <field id="_BoMD0MSXEe-m4akLKa8hrQ" fullAlias="ID_CLIENT" name="ID_CLIENT" ref="resource.md#_Aezr18SVEe-m4akLKa8hrQ?fileId=_FZzs0LfJEe-iaoMtKSubDA$type=md$name=ID_CLIENT?"/>
    <field id="_BoMD08SXEe-m4akLKa8hrQ" name="TYPE_DE_CLIENT" ref="resource.md#_Aezr6MSVEe-m4akLKa8hrQ?fileId=_FZzs0LfJEe-iaoMtKSubDA$type=md$name=TYPE_DE_CLIENT?"/>
    <field id="_BoMD1MSXEe-m4akLKa8hrQ" name="CIVILITE" ref="resource.md#_Aezr7sSVEe-m4akLKa8hrQ?fileId=_FZzs0LfJEe-iaoMtKSubDA$type=md$name=CIVILITE?"/>
    <field id="_BoMD0sSXEe-m4akLKa8hrQ" name="STATUT_DU_CLIENT" ref="resource.md#_Aezr4sSVEe-m4akLKa8hrQ?fileId=_FZzs0LfJEe-iaoMtKSubDA$type=md$name=STATUT_DU_CLIENT?"/>
    <field id="_BoMD1sSXEe-m4akLKa8hrQ" name="NOM" ref="resource.md#_Aezr-sSVEe-m4akLKa8hrQ?fileId=_FZzs0LfJEe-iaoMtKSubDA$type=md$name=NOM?"/>
    <field id="_BoMD1cSXEe-m4akLKa8hrQ" name="PRENOM" ref="resource.md#_Aezr9MSVEe-m4akLKa8hrQ?fileId=_FZzs0LfJEe-iaoMtKSubDA$type=md$name=PRENOM?"/>
    <field id="_BoMD2sSXEe-m4akLKa8hrQ" name="DATE_DE_CREATION" ref="resource.md#_AezsEsSVEe-m4akLKa8hrQ?fileId=_FZzs0LfJEe-iaoMtKSubDA$type=md$name=DATE_DE_CREATION?"/>
    <field id="_BoMD2cSXEe-m4akLKa8hrQ" name="MUTUELLE" ref="resource.md#_AezsDMSVEe-m4akLKa8hrQ?fileId=_FZzs0LfJEe-iaoMtKSubDA$type=md$name=MUTUELLE?"/>
    <field id="_BoMD18SXEe-m4akLKa8hrQ" name="DATE_ANNIVERSAIRE" ref="resource.md#_AezsAMSVEe-m4akLKa8hrQ?fileId=_FZzs0LfJEe-iaoMtKSubDA$type=md$name=DATE_ANNIVERSAIRE?"/>
    <field id="_BoMD2MSXEe-m4akLKa8hrQ" name="SEXE" ref="resource.md#_AezsBsSVEe-m4akLKa8hrQ?fileId=_FZzs0LfJEe-iaoMtKSubDA$type=md$name=SEXE?"/>
    <field id="_BoMD0cSXEe-m4akLKa8hrQ" fullAlias="CLE_CLIENT" name="CLE_CLIENT" ref="resource.md#_Aezr3MSVEe-m4akLKa8hrQ?fileId=_FZzs0LfJEe-iaoMtKSubDA$type=md$name=CLE_CLIENT?" updateKey="true"/>
    <field id="_BoMD28SXEe-m4akLKa8hrQ" name="ID_COMPTE" ref="resource.md#_AezsGcSVEe-m4akLKa8hrQ?fileId=_FZzs0LfJEe-iaoMtKSubDA$type=md$name=ID_COMPTE?"/>
    <constraint id="_BoMD3cSXEe-m4akLKa8hrQ" name="DWH_CLIENT" ref="resource.md#_AezsJMSVEe-m4akLKa8hrQ?fileId=_FZzs0LfJEe-iaoMtKSubDA$type=md$name=DWH_CLIENT?" reject="true"/>
    <constraint id="_BoMq4MSXEe-m4akLKa8hrQ" name="CK_CLE_CLIENT" ref="resource.md#_0SRoEcSVEe-m4akLKa8hrQ?fileId=_FZzs0LfJEe-iaoMtKSubDA$type=md$name=CK_CLE_CLIENT?" reject="true"/>
    <constraint id="_BoMq4cSXEe-m4akLKa8hrQ" name="FK_COMPTE_CLIENT" ref="resource.md#_gwuUAcSVEe-m4akLKa8hrQ?fileId=_FZzs0LfJEe-iaoMtKSubDA$type=md$name=FK_COMPTE_CLIENT?" reject="true"/>
    <constraint id="_Zyg2jcYbEe-8earIxX1aJA" name="Controle CIVILITE" ref="resource.md#_XjZEoMX8Ee-8earIxX1aJA?fileId=_FZzs0LfJEe-iaoMtKSubDA$type=md$name=Controle%20CIVILITE?" reject="true"/>
    <constraint id="_Zyg2jsYbEe-8earIxX1aJA" name="Controle SEXE" ref="resource.md#_HUByscX_Ee-8earIxX1aJA?fileId=_FZzs0LfJEe-iaoMtKSubDA$type=md$name=Controle%20SEXE?" reject="true"/>
    <constraint id="_Zyg2j8YbEe-8earIxX1aJA" name="controle MUTUELLE" ref="resource.md#_inTWocX_Ee-8earIxX1aJA?fileId=_FZzs0LfJEe-iaoMtKSubDA$type=md$name=controle%20MUTUELLE?" reject="true"/>
  </datastore>
  <datastore id="_y7hloMSXEe-m4akLKa8hrQ" alias="DWH_ADRESSE" control="true" dataset="_y7wPIMSXEe-m4akLKa8hrQ" ref="resource.md#_hinLB7fJEe-iaoMtKSubDA?fileId=_FZzs0LfJEe-iaoMtKSubDA$type=md$name=DWH_ADRESSE?" subExpression="[A]">
    <field id="_y7r9scSXEe-m4akLKa8hrQ" enable="true" insert="true" name="LIGNE5" ref="resource.md#_hinLLLfJEe-iaoMtKSubDA?fileId=_FZzs0LfJEe-iaoMtKSubDA$type=md$name=LIGNE5?" update="true">
      <expression id="_E8VfsMSYEe-m4akLKa8hrQ" setDescriptorRef="_E8URkMSYEe-m4akLKa8hrQ">
        <expression>SAS_ADRESSE.LIGNE_5</expression>
      </expression>
    </field>
    <field id="_y7r9ssSXEe-m4akLKa8hrQ" enable="true" insert="true" name="CODE_POSTAL" ref="resource.md#_hinLMrfJEe-iaoMtKSubDA?fileId=_FZzs0LfJEe-iaoMtKSubDA$type=md$name=CODE_POSTAL?" update="true">
      <expression id="_E8VfscSYEe-m4akLKa8hrQ" setDescriptorRef="_E8URkMSYEe-m4akLKa8hrQ">
        <expression>SAS_ADRESSE.CODE_POSTAL</expression>
      </expression>
    </field>
    <field id="_y7rWocSXEe-m4akLKa8hrQ" enable="true" insert="true" name="LIGNE2" ref="resource.md#_hinLGrfJEe-iaoMtKSubDA?fileId=_FZzs0LfJEe-iaoMtKSubDA$type=md$name=LIGNE2?" update="true">
      <expression id="_E8VfssSYEe-m4akLKa8hrQ" setDescriptorRef="_E8URkMSYEe-m4akLKa8hrQ">
        <expression>SAS_ADRESSE.LIGNE_2</expression>
      </expression>
    </field>
    <field id="_y7rWoMSXEe-m4akLKa8hrQ" enable="true" insert="true" name="LIGNE1" ref="resource.md#_hinLFLfJEe-iaoMtKSubDA?fileId=_FZzs0LfJEe-iaoMtKSubDA$type=md$name=LIGNE1?" update="true">
      <expression id="_E8WGwMSYEe-m4akLKa8hrQ" setDescriptorRef="_E8URkMSYEe-m4akLKa8hrQ">
        <expression>SAS_ADRESSE.LIGNE_1</expression>
      </expression>
    </field>
    <field id="_y7ty4MSXEe-m4akLKa8hrQ" enable="true" insert="true" name="DATE_DE_CREATION" ref="resource.md#_hinxorfJEe-iaoMtKSubDA?fileId=_FZzs0LfJEe-iaoMtKSubDA$type=md$name=DATE_DE_CREATION?" update="true">
      <expression id="_E8WGwcSYEe-m4akLKa8hrQ" setDescriptorRef="_E8URkMSYEe-m4akLKa8hrQ">
        <expression>Current_timestamp</expression>
      </expression>
    </field>
    <field id="_y7ty4sSXEe-m4akLKa8hrQ" enable="true" insert="true" name="ID_FICHIER" ref="resource.md#_hinxrrfJEe-iaoMtKSubDA?fileId=_FZzs0LfJEe-iaoMtKSubDA$type=md$name=ID_FICHIER?" update="true">
      <expression id="_E8WGwsSYEe-m4akLKa8hrQ" setDescriptorRef="_E8URkMSYEe-m4akLKa8hrQ">
        <expression>SAS_ADRESSE.ID_FICHIER</expression>
      </expression>
    </field>
    <field id="_y7rWosSXEe-m4akLKa8hrQ" enable="true" insert="true" name="LIGNE3" ref="resource.md#_hinLILfJEe-iaoMtKSubDA?fileId=_FZzs0LfJEe-iaoMtKSubDA$type=md$name=LIGNE3?" update="true">
      <expression id="_E8Wt0MSYEe-m4akLKa8hrQ" setDescriptorRef="_E8URkMSYEe-m4akLKa8hrQ">
        <expression>SAS_ADRESSE.LIGNE_3</expression>
      </expression>
    </field>
    <field id="_y7r9sMSXEe-m4akLKa8hrQ" enable="true" insert="true" name="LIGNE4" ref="resource.md#_hinLJrfJEe-iaoMtKSubDA?fileId=_FZzs0LfJEe-iaoMtKSubDA$type=md$name=LIGNE4?" update="true">
      <expression id="_E8Wt0cSYEe-m4akLKa8hrQ" setDescriptorRef="_E8URkMSYEe-m4akLKa8hrQ">
        <expression>SAS_ADRESSE.LIGNE_4</expression>
      </expression>
    </field>
    <field id="_y7skwcSXEe-m4akLKa8hrQ" enable="true" insert="true" name="PAYS" ref="resource.md#_hinLPrfJEe-iaoMtKSubDA?fileId=_FZzs0LfJEe-iaoMtKSubDA$type=md$name=PAYS?" update="true">
      <expression id="_E8XU4MSYEe-m4akLKa8hrQ" setDescriptorRef="_E8URkMSYEe-m4akLKa8hrQ">
        <expression>TRANSCO.TARGET_VALUE</expression>
      </expression>
    </field>
    <field id="_y7qIgcSXEe-m4akLKa8hrQ" name="ID_ADRESSE" ref="resource.md#_hinLCrfJEe-iaoMtKSubDA?fileId=_FZzs0LfJEe-iaoMtKSubDA$type=md$name=ID_ADRESSE?" updateKey="true">
      <expression id="_E8XU4cSYEe-m4akLKa8hrQ" setDescriptorRef="_E8URkMSYEe-m4akLKa8hrQ">
        <expression></expression>
      </expression>
    </field>
    <field id="_y7skwMSXEe-m4akLKa8hrQ" enable="true" insert="true" name="VILLE" ref="resource.md#_hinLOLfJEe-iaoMtKSubDA?fileId=_FZzs0LfJEe-iaoMtKSubDA$type=md$name=VILLE?" update="true">
      <expression id="_E8XU4sSYEe-m4akLKa8hrQ" setDescriptorRef="_E8URkMSYEe-m4akLKa8hrQ">
        <expression>SAS_ADRESSE.VILLE</expression>
      </expression>
    </field>
    <field id="_y7ty4cSXEe-m4akLKa8hrQ" enable="true" insert="true" name="STATUT_ADRESSE" ref="resource.md#_hinxqLfJEe-iaoMtKSubDA?fileId=_FZzs0LfJEe-iaoMtKSubDA$type=md$name=STATUT_ADRESSE?" update="true">
      <expression id="_E8X78MSYEe-m4akLKa8hrQ" setDescriptorRef="_E8URkMSYEe-m4akLKa8hrQ">
        <expression>SAS_ADRESSE.STATUS</expression>
      </expression>
    </field>
    <field id="_y7qvkMSXEe-m4akLKa8hrQ" enable="true" insert="true" name="ID_CLIENT" ref="resource.md#_hinLD7fJEe-iaoMtKSubDA?fileId=_FZzs0LfJEe-iaoMtKSubDA$type=md$name=ID_CLIENT?" update="true" updateKey="true">
      <expression id="_E8X78cSYEe-m4akLKa8hrQ" setDescriptorRef="_E8URkMSYEe-m4akLKa8hrQ">
        <expression>DWH_CLIENT.ID_CLIENT</expression>
      </expression>
    </field>
    <constraint id="_y7uZ8MSXEe-m4akLKa8hrQ" name="SYS_C0037048" ref="resource.md#_hinxs7fJEe-iaoMtKSubDA?fileId=_FZzs0LfJEe-iaoMtKSubDA$type=md$name=SYS_C0037048?" reject="true"/>
    <constraint id="_y7uZ8cSXEe-m4akLKa8hrQ" name="CK_ADRESSE_CLIENT" ref="resource.md#_6wEKcbtLEe-m5b-WgwpGlQ?fileId=_FZzs0LfJEe-iaoMtKSubDA$type=md$name=CK_ADRESSE_CLIENT?" reject="true"/>
    <constraint id="_y7uZ8sSXEe-m4akLKa8hrQ" name="DWH_ADRESSE" ref="resource.md#_q0emWsSXEe-m4akLKa8hrQ?fileId=_FZzs0LfJEe-iaoMtKSubDA$type=md$name=DWH_ADRESSE?" reject="true"/>
    <constraint id="_ZyirvcYbEe-8earIxX1aJA" name="CONTROLE_STATUT" ref="resource.md#_2n028MYFEe-8earIxX1aJA?fileId=_FZzs0LfJEe-iaoMtKSubDA$type=md$name=CONTROLE_STATUT?" reject="true"/>
    <setDescriptor id="_E8URkMSYEe-m4akLKa8hrQ" label="A"/>
  </datastore>
  <join id="_JeUqcLtTEe-m5b-WgwpGlQ" location="SRC" joinType="Left_Join" left="_CZ_sELtTEe-m5b-WgwpGlQ" order="10" right="_Iv43ILtTEe-m5b-WgwpGlQ">
    <expression><![CDATA[SAS_ADRESSE.PAYS = TRANSCO.SOURCE_CODE 
AND TRANSCO.CONTEXTE = 'ADRESSE.CODE_PAYS']]></expression>
  </join>
  <join id="_Lyz1kLtTEe-m5b-WgwpGlQ" location="SRC" joinType="Left_Join" left="_CZ_sELtTEe-m5b-WgwpGlQ" order="30" right="_BoJnkMSXEe-m4akLKa8hrQ">
    <expression>SAS_ADRESSE.CLE_CLIENT = DWH_CLIENT.CLE_CLIENT</expression>
  </join>
  <template id="_E8eCkMSYEe-m4akLKa8hrQ" name="I_DWH_ADRESSE" process="resource.proc#_jkWgEFEJEeO7Vo9WeM2sCg?fileId=_jkWgEFEJEeO7Vo9WeM2sCg$type=proc$name=INTEGRATION%20Oracle?" targetId="_y7hloMSXEe-m4akLKa8hrQ"/>
  <template id="_b739kMSYEe-m4akLKa8hrQ" name="R_DWH_ADRESSE" process="resource.proc#_cvMAIERgEd22W6kpnG-bRg?fileId=_cvMAIERgEd22W6kpnG-bRg$type=proc$name=REJECT%20Oracle?" targetId="_y7hloMSXEe-m4akLKa8hrQ">
    <parameter id="_a7dbkMYbEe-8earIxX1aJA" name="deletePreviousRejects" value="false"/>
  </template>
  <dataSet id="_BoRjYMSXEe-m4akLKa8hrQ">
    <container>_CZ_sELtTEe-m5b-WgwpGlQ</container>
    <container>_BoJnkMSXEe-m4akLKa8hrQ</container>
    <container>_Iv43ILtTEe-m5b-WgwpGlQ</container>
  </dataSet>
  <dataSet id="_y7wPIMSXEe-m4akLKa8hrQ">
    <container>_y7hloMSXEe-m4akLKa8hrQ</container>
  </dataSet>
  <hint>
    <usedField>#_CaGZw7tTEe-m5b-WgwpGlQ</usedField>
    <usedField>#_CaGZwrtTEe-m5b-WgwpGlQ</usedField>
    <usedField>#_CaGZybtTEe-m5b-WgwpGlQ</usedField>
    <usedField>#_CaGZxbtTEe-m5b-WgwpGlQ</usedField>
    <usedField>#_CaGZx7tTEe-m5b-WgwpGlQ</usedField>
    <usedField>#_CaGZxLtTEe-m5b-WgwpGlQ</usedField>
    <usedField>#_CaGZyLtTEe-m5b-WgwpGlQ</usedField>
    <usedField>#_CaHA0btTEe-m5b-WgwpGlQ</usedField>
    <usedField>#_CaGZxrtTEe-m5b-WgwpGlQ</usedField>
    <usedField>#_CaGZwbtTEe-m5b-WgwpGlQ</usedField>
    <usedField>#_CaFysbtTEe-m5b-WgwpGlQ</usedField>
    <usedField>#_Iv7TYbtTEe-m5b-WgwpGlQ</usedField>
    <usedField>#_Iv7TYrtTEe-m5b-WgwpGlQ</usedField>
    <usedField>#_Iv7TYLtTEe-m5b-WgwpGlQ</usedField>
    <usedField>#_BoMD0MSXEe-m4akLKa8hrQ</usedField>
    <usedField>#_BoMD0cSXEe-m4akLKa8hrQ</usedField>
  </hint>
  <diagram><![CDATA[<?xml version="1.0" encoding="UTF-8"?>
<notation:Diagram xmi:version="2.0" xmlns:xmi="http://www.omg.org/XMI" xmlns:xsi="http://www.w3.org/2001/XMLSchema-instance" xmlns:map="http://www.indy.com/v2/map" xmlns:notation="http://www.eclipse.org/gmf/runtime/1.0.1/notation" xsi:schemaLocation="http://www.eclipse.org/gmf/runtime/1.0.1/notation " xmi:id="__o_kELtSEe-m5b-WgwpGlQ" type="Map" measurementUnit="Pixel">
  <children xmi:type="notation:Shape" xmi:id="_CaJdELtTEe-m5b-WgwpGlQ" type="2004" fontName="Segoe UI">
    <children xmi:type="notation:DecorationNode" xmi:id="_CaJdErtTEe-m5b-WgwpGlQ" type="5005"/>
    <children xmi:type="notation:DecorationNode" xmi:id="_CaJdE7tTEe-m5b-WgwpGlQ" type="5007"/>
    <children xmi:type="notation:DecorationNode" xmi:id="_CaJdFLtTEe-m5b-WgwpGlQ" type="7003"/>
    <children xmi:type="notation:DecorationNode" xmi:id="_CaJdFbtTEe-m5b-WgwpGlQ" type="7009"/>
    <children xmi:type="notation:BasicCompartment" xmi:id="_CaJdFrtTEe-m5b-WgwpGlQ" type="7004">
      <styles xmi:type="notation:SortingStyle" xmi:id="_CaJdF7tTEe-m5b-WgwpGlQ"/>
      <styles xmi:type="notation:FilteringStyle" xmi:id="_CaJdGLtTEe-m5b-WgwpGlQ"/>
    </children>
    <children xmi:type="notation:DecorationNode" xmi:id="_CaJdGbtTEe-m5b-WgwpGlQ" type="5009">
      <styles xmi:type="notation:DrawerStyle" xmi:id="_CaJdGrtTEe-m5b-WgwpGlQ"/>
    </children>
    <children xmi:type="notation:DecorationNode" xmi:id="_CaJdG7tTEe-m5b-WgwpGlQ" type="7005">
      <styles xmi:type="notation:SortingStyle" xmi:id="_CaJdHLtTEe-m5b-WgwpGlQ"/>
      <styles xmi:type="notation:FilteringStyle" xmi:id="_CaJdHbtTEe-m5b-WgwpGlQ"/>
    </children>
    <children xmi:type="notation:BasicCompartment" xmi:id="_CaJdHrtTEe-m5b-WgwpGlQ" type="7007"/>
    <element xmi:type="map:Datastore" href="resource.map#_CZ_sELtTEe-m5b-WgwpGlQ?fileId=__nnrELtSEe-m5b-WgwpGlQ$type=map?"/>
    <layoutConstraint xmi:type="notation:Bounds" xmi:id="_CaJdEbtTEe-m5b-WgwpGlQ" x="136" y="387"/>
  </children>
  <children xmi:type="notation:Shape" xmi:id="_Iv_k0LtTEe-m5b-WgwpGlQ" type="2004" fontName="Segoe UI">
    <children xmi:type="notation:DecorationNode" xmi:id="_Iv_k0rtTEe-m5b-WgwpGlQ" type="5005"/>
    <children xmi:type="notation:DecorationNode" xmi:id="_Iv_k07tTEe-m5b-WgwpGlQ" type="5007"/>
    <children xmi:type="notation:DecorationNode" xmi:id="_Iv_k1LtTEe-m5b-WgwpGlQ" type="7003"/>
    <children xmi:type="notation:DecorationNode" xmi:id="_Iv_k1btTEe-m5b-WgwpGlQ" type="7009"/>
    <children xmi:type="notation:BasicCompartment" xmi:id="_Iv_k1rtTEe-m5b-WgwpGlQ" type="7004">
      <styles xmi:type="notation:SortingStyle" xmi:id="_Iv_k17tTEe-m5b-WgwpGlQ"/>
      <styles xmi:type="notation:FilteringStyle" xmi:id="_Iv_k2LtTEe-m5b-WgwpGlQ"/>
    </children>
    <children xmi:type="notation:DecorationNode" xmi:id="_Iv_k2btTEe-m5b-WgwpGlQ" type="5009">
      <styles xmi:type="notation:DrawerStyle" xmi:id="_Iv_k2rtTEe-m5b-WgwpGlQ"/>
    </children>
    <children xmi:type="notation:DecorationNode" xmi:id="_Iv_k27tTEe-m5b-WgwpGlQ" type="7005">
      <styles xmi:type="notation:SortingStyle" xmi:id="_Iv_k3LtTEe-m5b-WgwpGlQ"/>
      <styles xmi:type="notation:FilteringStyle" xmi:id="_Iv_k3btTEe-m5b-WgwpGlQ"/>
    </children>
    <children xmi:type="notation:BasicCompartment" xmi:id="_Iv_k3rtTEe-m5b-WgwpGlQ" type="7007"/>
    <element xmi:type="map:Datastore" href="resource.map#_Iv43ILtTEe-m5b-WgwpGlQ?fileId=__nnrELtSEe-m5b-WgwpGlQ$type=map?"/>
    <layoutConstraint xmi:type="notation:Bounds" xmi:id="_Iv_k0btTEe-m5b-WgwpGlQ" x="523" y="260"/>
  </children>
  <children xmi:type="notation:Node" xmi:id="_JeebcLtTEe-m5b-WgwpGlQ" type="2005">
    <styles xmi:type="notation:DescriptionStyle" xmi:id="_JeebcbtTEe-m5b-WgwpGlQ"/>
    <styles xmi:type="notation:FontStyle" xmi:id="_JeebcrtTEe-m5b-WgwpGlQ" fontName="Segoe UI"/>
    <styles xmi:type="notation:FillStyle" xmi:id="_Jeebc7tTEe-m5b-WgwpGlQ"/>
    <element xmi:type="map:Join" href="resource.map#_JeUqcLtTEe-m5b-WgwpGlQ?fileId=__nnrELtSEe-m5b-WgwpGlQ$type=map?"/>
    <layoutConstraint xmi:type="notation:Bounds" xmi:id="_JeebdLtTEe-m5b-WgwpGlQ" x="417" y="454"/>
  </children>
  <children xmi:type="notation:Node" xmi:id="_LzHXkLtTEe-m5b-WgwpGlQ" type="2005">
    <styles xmi:type="notation:DescriptionStyle" xmi:id="_LzHXkbtTEe-m5b-WgwpGlQ"/>
    <styles xmi:type="notation:FontStyle" xmi:id="_LzHXkrtTEe-m5b-WgwpGlQ" fontName="Segoe UI"/>
    <styles xmi:type="notation:FillStyle" xmi:id="_LzHXk7tTEe-m5b-WgwpGlQ"/>
    <element xmi:type="map:Join" href="resource.map#_Lyz1kLtTEe-m5b-WgwpGlQ?fileId=__nnrELtSEe-m5b-WgwpGlQ$type=map?"/>
    <layoutConstraint xmi:type="notation:Bounds" xmi:id="_LzHXlLtTEe-m5b-WgwpGlQ" x="47" y="264"/>
  </children>
  <children xmi:type="notation:Shape" xmi:id="_Bo4nYMSXEe-m4akLKa8hrQ" type="2004" fontName="Segoe UI">
    <children xmi:type="notation:DecorationNode" xmi:id="_Bo4nYsSXEe-m4akLKa8hrQ" type="5005"/>
    <children xmi:type="notation:DecorationNode" xmi:id="_Bo4nY8SXEe-m4akLKa8hrQ" type="5007"/>
    <children xmi:type="notation:DecorationNode" xmi:id="_Bo4nZMSXEe-m4akLKa8hrQ" type="7003"/>
    <children xmi:type="notation:DecorationNode" xmi:id="_Bo4nZcSXEe-m4akLKa8hrQ" type="7009"/>
    <children xmi:type="notation:BasicCompartment" xmi:id="_Bo5OcMSXEe-m4akLKa8hrQ" type="7004">
      <styles xmi:type="notation:SortingStyle" xmi:id="_Bo5OccSXEe-m4akLKa8hrQ"/>
      <styles xmi:type="notation:FilteringStyle" xmi:id="_Bo5OcsSXEe-m4akLKa8hrQ"/>
    </children>
    <children xmi:type="notation:DecorationNode" xmi:id="_Bo5Oc8SXEe-m4akLKa8hrQ" type="5009">
      <styles xmi:type="notation:DrawerStyle" xmi:id="_Bo5OdMSXEe-m4akLKa8hrQ"/>
    </children>
    <children xmi:type="notation:DecorationNode" xmi:id="_Bo5OdcSXEe-m4akLKa8hrQ" type="7005">
      <styles xmi:type="notation:SortingStyle" xmi:id="_Bo5OdsSXEe-m4akLKa8hrQ"/>
      <styles xmi:type="notation:FilteringStyle" xmi:id="_Bo5Od8SXEe-m4akLKa8hrQ"/>
    </children>
    <children xmi:type="notation:BasicCompartment" xmi:id="_Bo5OeMSXEe-m4akLKa8hrQ" type="7007"/>
    <element xmi:type="map:Datastore" href="resource.map#_BoJnkMSXEe-m4akLKa8hrQ?fileId=__nnrELtSEe-m5b-WgwpGlQ$type=map?"/>
    <layoutConstraint xmi:type="notation:Bounds" xmi:id="_Bo4nYcSXEe-m4akLKa8hrQ" x="146" y="40"/>
  </children>
  <children xmi:type="notation:Shape" xmi:id="_y8J3wMSXEe-m4akLKa8hrQ" type="2004" fontName="Segoe UI">
    <children xmi:type="notation:DecorationNode" xmi:id="_y8J3wsSXEe-m4akLKa8hrQ" type="5005"/>
    <children xmi:type="notation:DecorationNode" xmi:id="_y8J3w8SXEe-m4akLKa8hrQ" type="5007"/>
    <children xmi:type="notation:DecorationNode" xmi:id="_y8J3xMSXEe-m4akLKa8hrQ" type="7003"/>
    <children xmi:type="notation:DecorationNode" xmi:id="_y8J3xcSXEe-m4akLKa8hrQ" type="7009"/>
    <children xmi:type="notation:BasicCompartment" xmi:id="_y8J3xsSXEe-m4akLKa8hrQ" type="7004">
      <styles xmi:type="notation:SortingStyle" xmi:id="_y8J3x8SXEe-m4akLKa8hrQ"/>
      <styles xmi:type="notation:FilteringStyle" xmi:id="_y8J3yMSXEe-m4akLKa8hrQ"/>
    </children>
    <children xmi:type="notation:DecorationNode" xmi:id="_y8J3ycSXEe-m4akLKa8hrQ" type="5009">
      <styles xmi:type="notation:DrawerStyle" xmi:id="_y8J3ysSXEe-m4akLKa8hrQ"/>
    </children>
    <children xmi:type="notation:DecorationNode" xmi:id="_y8J3y8SXEe-m4akLKa8hrQ" type="7005">
      <styles xmi:type="notation:SortingStyle" xmi:id="_y8J3zMSXEe-m4akLKa8hrQ"/>
      <styles xmi:type="notation:FilteringStyle" xmi:id="_y8J3zcSXEe-m4akLKa8hrQ"/>
    </children>
    <children xmi:type="notation:BasicCompartment" xmi:id="_y8Ke0MSXEe-m4akLKa8hrQ" type="7007"/>
    <element xmi:type="map:Datastore" href="resource.map#_y7hloMSXEe-m4akLKa8hrQ?fileId=__nnrELtSEe-m5b-WgwpGlQ$type=map?"/>
    <layoutConstraint xmi:type="notation:Bounds" xmi:id="_y8J3wcSXEe-m4akLKa8hrQ" x="864" y="353"/>
  </children>
  <styles xmi:type="notation:DiagramStyle" xmi:id="__pALILtSEe-m5b-WgwpGlQ"/>
  <element xmi:type="map:Map" href="resource.map#__nnrELtSEe-m5b-WgwpGlQ?fileId=__nnrELtSEe-m5b-WgwpGlQ$type=map$name=ALIM_DWH_ADRESSE?"/>
  <edges xmi:type="notation:Edge" xmi:id="_JegQoLtTEe-m5b-WgwpGlQ" type="joinLink" source="_JeebcLtTEe-m5b-WgwpGlQ" target="_Iv_k0LtTEe-m5b-WgwpGlQ">
    <element xsi:nil="true"/>
    <bendpoints xmi:type="notation:RelativeBendpoints" xmi:id="_JegQobtTEe-m5b-WgwpGlQ" points="[-1, -1, -609, -312]$[523, 267, -85, -44]"/>
  </edges>
  <edges xmi:type="notation:Edge" xmi:id="_JegQortTEe-m5b-WgwpGlQ" type="joinLink" source="_JeebcLtTEe-m5b-WgwpGlQ" target="_CaJdELtTEe-m5b-WgwpGlQ">
    <element xsi:nil="true"/>
    <bendpoints xmi:type="notation:RelativeBendpoints" xmi:id="_JegQo7tTEe-m5b-WgwpGlQ" points="[-1, -1, -225, -519]$[167, 387, -57, -131]"/>
  </edges>
  <edges xmi:type="notation:Edge" xmi:id="_LzH-oLtTEe-m5b-WgwpGlQ" type="joinLink" source="_LzHXkLtTEe-m5b-WgwpGlQ" target="_CaJdELtTEe-m5b-WgwpGlQ">
    <element xsi:nil="true"/>
    <bendpoints xmi:type="notation:RelativeBendpoints" xmi:id="_LzH-obtTEe-m5b-WgwpGlQ" points="[-1, -1, -225, -519]$[167, 387, -57, -131]"/>
  </edges>
  <edges xmi:type="notation:Edge" xmi:id="_BpMwcMSXEe-m4akLKa8hrQ" type="joinLink" source="_LzHXkLtTEe-m5b-WgwpGlQ" target="_Bo4nYMSXEe-m4akLKa8hrQ">
    <element xsi:nil="true"/>
    <bendpoints xmi:type="notation:RelativeBendpoints" xmi:id="_BpMwccSXEe-m4akLKa8hrQ" points="[-3, -12, 61, 264]$[-64, -276, 0, 0]"/>
  </edges>
  <edges xmi:type="notation:Edge" xmi:id="_E9CqUMSYEe-m4akLKa8hrQ" type="targetLink" source="_y8J3wMSXEe-m4akLKa8hrQ" target="_Iv_k0LtTEe-m5b-WgwpGlQ">
    <element xsi:nil="true"/>
    <bendpoints xmi:type="notation:RelativeBendpoints" xmi:id="_E9CqUcSYEe-m4akLKa8hrQ" points="[-97, -47, 243, 116]$[-255, -122, 85, 41]"/>
  </edges>
  <edges xmi:type="notation:Edge" xmi:id="_E9EfgMSYEe-m4akLKa8hrQ" type="targetDataSetLink" source="_y8J3wMSXEe-m4akLKa8hrQ" target="_y8J3wMSXEe-m4akLKa8hrQ">
    <element xmi:type="map:DataSet" href="resource.map#_BoRjYMSXEe-m4akLKa8hrQ?fileId=__nnrELtSEe-m5b-WgwpGlQ$type=map?"/>
    <bendpoints xmi:type="notation:RelativeBendpoints" xmi:id="_E9EfgcSYEe-m4akLKa8hrQ" points="[0, 0, 0, 0]$[0, 0, 0, 0]"/>
  </edges>
  <edges xmi:type="notation:Edge" xmi:id="_E9FGkMSYEe-m4akLKa8hrQ" type="targetSetLink" source="_y8J3wMSXEe-m4akLKa8hrQ" target="_y8J3wMSXEe-m4akLKa8hrQ">
    <element xmi:type="map:SetDescriptor" href="resource.map#_E8URkMSYEe-m4akLKa8hrQ?fileId=__nnrELtSEe-m5b-WgwpGlQ$type=map?"/>
    <bendpoints xmi:type="notation:RelativeBendpoints" xmi:id="_E9FGkcSYEe-m4akLKa8hrQ" points="[0, 0, 0, 0]$[0, 0, 0, 0]"/>
  </edges>
  <edges xmi:type="notation:Edge" xmi:id="_FmkvgMSYEe-m4akLKa8hrQ" type="targetLink" source="_y8J3wMSXEe-m4akLKa8hrQ" target="_CaJdELtTEe-m5b-WgwpGlQ">
    <element xsi:nil="true"/>
    <bendpoints xmi:type="notation:RelativeBendpoints" xmi:id="_FmkvgcSYEe-m4akLKa8hrQ" points="[-141, 8, 627, -36]$[-680, 39, 88, -5]"/>
  </edges>
  <edges xmi:type="notation:Edge" xmi:id="_MwCskMSYEe-m4akLKa8hrQ" type="targetLink" source="_y8J3wMSXEe-m4akLKa8hrQ" target="_Bo4nYMSXEe-m4akLKa8hrQ">
    <element xsi:nil="true"/>
    <bendpoints xmi:type="notation:RelativeBendpoints" xmi:id="_MwCskcSYEe-m4akLKa8hrQ" points="[-174, -70, 605, 241]$[-678, -271, 101, 40]"/>
  </edges>
</notation:Diagram>
]]></diagram>
</map:map>