<?xml version="1.0" encoding="UTF-8"?>
<map:map xmlns:map="http://www.indy.com/v2/map" id="_UR_MkLfKEe-iaoMtKSubDA" internalVersion="8" tech="resource.tech#_waYSMH8VEd2__Mzb_dB76A?fileId=_waYSMH8VEd2__Mzb_dB76A$type=tech$name=flow?">
  <datastore id="_2ZhFILtEEe-oKZD3TjNZHg" alias="TABLE_FILE" dataset="_2aNosLtEEe-oKZD3TjNZHg" ref="resource.md#_hio_4bfJEe-iaoMtKSubDA?fileId=_FZzs0LfJEe-iaoMtKSubDA$type=md$name=TABLE_FILE?">
    <field id="_2aA0YLtEEe-oKZD3TjNZHg" fullAlias="CHAMP1" name="CHAMP1" ref="resource.md#_hio_6rfJEe-iaoMtKSubDA?fileId=_FZzs0LfJEe-iaoMtKSubDA$type=md$name=CHAMP1?"/>
    <field id="_2aCCgbtEEe-oKZD3TjNZHg" fullAlias="CHAMP4" name="CHAMP4" ref="resource.md#_hio__LfJEe-iaoMtKSubDA?fileId=_FZzs0LfJEe-iaoMtKSubDA$type=md$name=CHAMP4?"/>
    <field id="_2aCpkLtEEe-oKZD3TjNZHg" fullAlias="CHAMP5" name="CHAMP5" ref="resource.md#_hipAArfJEe-iaoMtKSubDA?fileId=_FZzs0LfJEe-iaoMtKSubDA$type=md$name=CHAMP5?"/>
    <field id="_2aCpkbtEEe-oKZD3TjNZHg" fullAlias="CHAMP6" name="CHAMP6" ref="resource.md#_hipACLfJEe-iaoMtKSubDA?fileId=_FZzs0LfJEe-iaoMtKSubDA$type=md$name=CHAMP6?"/>
    <field id="_2aBbcLtEEe-oKZD3TjNZHg" fullAlias="CHAMP2" name="CHAMP2" ref="resource.md#_hio_8LfJEe-iaoMtKSubDA?fileId=_FZzs0LfJEe-iaoMtKSubDA$type=md$name=CHAMP2?"/>
    <field id="_2aEewbtEEe-oKZD3TjNZHg" fullAlias="CHAMP11" name="CHAMP11" ref="resource.md#_hipAJrfJEe-iaoMtKSubDA?fileId=_FZzs0LfJEe-iaoMtKSubDA$type=md$name=CHAMP11?"/>
    <field id="_2aD3sLtEEe-oKZD3TjNZHg" fullAlias="CHAMP9" name="CHAMP9" ref="resource.md#_hipAGrfJEe-iaoMtKSubDA?fileId=_FZzs0LfJEe-iaoMtKSubDA$type=md$name=CHAMP9?"/>
    <field id="_2aFs4LtEEe-oKZD3TjNZHg" fullAlias="CHAMP13" name="CHAMP13" ref="resource.md#_hipAMrfJEe-iaoMtKSubDA?fileId=_FZzs0LfJEe-iaoMtKSubDA$type=md$name=CHAMP13?"/>
    <field id="_2aDQobtEEe-oKZD3TjNZHg" fullAlias="CHAMP8" name="CHAMP8" ref="resource.md#_hipAFLfJEe-iaoMtKSubDA?fileId=_FZzs0LfJEe-iaoMtKSubDA$type=md$name=CHAMP8?"/>
    <field id="_2aANUbtEEe-oKZD3TjNZHg" fullAlias="FILE_NAME" name="FILE_NAME" ref="resource.md#_hio_5LfJEe-iaoMtKSubDA?fileId=_FZzs0LfJEe-iaoMtKSubDA$type=md$name=FILE_NAME?"/>
    <field id="_2aCCgLtEEe-oKZD3TjNZHg" fullAlias="CHAMP3" name="CHAMP3" ref="resource.md#_hio_9rfJEe-iaoMtKSubDA?fileId=_FZzs0LfJEe-iaoMtKSubDA$type=md$name=CHAMP3?"/>
    <field id="_2aDQoLtEEe-oKZD3TjNZHg" fullAlias="CHAMP7" name="CHAMP7" ref="resource.md#_hipADrfJEe-iaoMtKSubDA?fileId=_FZzs0LfJEe-iaoMtKSubDA$type=md$name=CHAMP7?"/>
    <field id="_2aEewLtEEe-oKZD3TjNZHg" fullAlias="CHAMP10" name="CHAMP10" ref="resource.md#_hipAILfJEe-iaoMtKSubDA?fileId=_FZzs0LfJEe-iaoMtKSubDA$type=md$name=CHAMP10?"/>
    <field id="_2aFF0LtEEe-oKZD3TjNZHg" fullAlias="CHAMP12" name="CHAMP12" ref="resource.md#_hipALLfJEe-iaoMtKSubDA?fileId=_FZzs0LfJEe-iaoMtKSubDA$type=md$name=CHAMP12?"/>
  </datastore>
  <datastore id="_DLxPoLtFEe-oKZD3TjNZHg" alias="FILE_SOURCE" dataset="_585sULtEEe-oKZD3TjNZHg" ref="resource.md#_hiq1LbfJEe-iaoMtKSubDA?fileId=_FZzs0LfJEe-iaoMtKSubDA$type=md$name=FILE_SOURCE?" subExpression="[A]">
    <field id="_DMBuULtFEe-oKZD3TjNZHg" enable="true" insert="true" name="DATE_INTEGRATION" ref="resource.md#_hiq1O7fJEe-iaoMtKSubDA?fileId=_FZzs0LfJEe-iaoMtKSubDA$type=md$name=DATE_INTEGRATION?" update="true">
      <expression id="_FQm1MLtFEe-oKZD3TjNZHg" setDescriptorRef="_FQm1MbtFEe-oKZD3TjNZHg">
        <expression>current_timestamp</expression>
      </expression>
    </field>
    <field id="_DMBHQLtFEe-oKZD3TjNZHg" enable="true" fullAlias="SOURCE" insert="true" name="SOURCE" ref="resource.md#_hiq1NbfJEe-iaoMtKSubDA?fileId=_FZzs0LfJEe-iaoMtKSubDA$type=md$name=SOURCE?" update="true">
      <expression id="_FQm1MrtFEe-oKZD3TjNZHg" setDescriptorRef="_FQm1MbtFEe-oKZD3TjNZHg">
        <expression>DISTINCT TABLE_FILE.FILE_NAME</expression>
      </expression>
    </field>
    <field id="_DL-D8LtFEe-oKZD3TjNZHg" fullAlias="ID_SOURCE" name="ID_SOURCE" ref="resource.md#_hiq1MLfJEe-iaoMtKSubDA?fileId=_FZzs0LfJEe-iaoMtKSubDA$type=md$name=ID_SOURCE?" updateKey="true">
      <expression id="_FQm1M7tFEe-oKZD3TjNZHg" setDescriptorRef="_FQm1MbtFEe-oKZD3TjNZHg"/>
    </field>
    <constraint id="_DMCVYLtFEe-oKZD3TjNZHg" name="SYS_C0036550" ref="resource.md#_hiq1QrfJEe-iaoMtKSubDA?fileId=_FZzs0LfJEe-iaoMtKSubDA$type=md$name=SYS_C0036550?" reject="true"/>
    <setDescriptor id="_FQm1MbtFEe-oKZD3TjNZHg" label="A"/>
  </datastore>
  <datastore id="_ZJWhQLtFEe-oKZD3TjNZHg" alias="SAS_CLIENT" dataset="_ZJsfgLtFEe-oKZD3TjNZHg" ref="resource.md#_hinKvLfJEe-iaoMtKSubDA?fileId=_FZzs0LfJEe-iaoMtKSubDA$type=md$name=SAS_CLIENT?" subExpression="[A]">
    <field id="_ZJlKwbtFEe-oKZD3TjNZHg" enable="true" insert="true" name="CIVILITE" ref="resource.md#_hinK17fJEe-iaoMtKSubDA?fileId=_FZzs0LfJEe-iaoMtKSubDA$type=md$name=CIVILITE?" update="true">
      <expression id="_YDkvgLtGEe-decK1358zUw" setDescriptorRef="_YDXUILtGEe-decK1358zUw">
        <expression>stage.CHAMP7</expression>
      </expression>
    </field>
    <field id="_ZJnnALtFEe-oKZD3TjNZHg" enable="true" insert="true" name="SEXE" ref="resource.md#_hinK77fJEe-iaoMtKSubDA?fileId=_FZzs0LfJEe-iaoMtKSubDA$type=md$name=SEXE?" update="true">
      <expression id="_YDl9oLtGEe-decK1358zUw" setDescriptorRef="_YDXUILtGEe-decK1358zUw">
        <expression>stage.CHAMP11</expression>
      </expression>
    </field>
    <field id="_ZJkjsLtFEe-oKZD3TjNZHg" enable="true" insert="true" name="STATUS" ref="resource.md#_hinKy7fJEe-iaoMtKSubDA?fileId=_FZzs0LfJEe-iaoMtKSubDA$type=md$name=STATUS?" update="true">
      <expression id="_YDmksLtGEe-decK1358zUw" setDescriptorRef="_YDXUILtGEe-decK1358zUw">
        <expression>stage.CHAMP5</expression>
      </expression>
    </field>
    <field id="_ZJm_8LtFEe-oKZD3TjNZHg" enable="true" insert="true" name="DATE_ANNIVERSAIRE" ref="resource.md#_hinK6bfJEe-iaoMtKSubDA?fileId=_FZzs0LfJEe-iaoMtKSubDA$type=md$name=DATE_ANNIVERSAIRE?" update="true">
      <expression id="_YDmksbtGEe-decK1358zUw" setDescriptorRef="_YDXUILtGEe-decK1358zUw">
        <expression>stage.CHAMP10</expression>
      </expression>
    </field>
    <field id="_ZJjVkLtFEe-oKZD3TjNZHg" enable="true" insert="true" name="CLE_CLIENT" ref="resource.md#_hinKv7fJEe-iaoMtKSubDA?fileId=_FZzs0LfJEe-iaoMtKSubDA$type=md$name=CLE_CLIENT?" update="true">
      <expression id="_YDnLwLtGEe-decK1358zUw" setDescriptorRef="_YDXUILtGEe-decK1358zUw">
        <expression>stage.CHAMP3</expression>
      </expression>
    </field>
    <field id="_ZJoOELtFEe-oKZD3TjNZHg" enable="true" insert="true" name="DATE_CREATION" ref="resource.md#_hinK-7fJEe-iaoMtKSubDA?fileId=_FZzs0LfJEe-iaoMtKSubDA$type=md$name=DATE_CREATION?" update="true">
      <expression id="_YDnLwbtGEe-decK1358zUw" setDescriptorRef="_YDXUILtGEe-decK1358zUw">
        <expression>current_timestamp</expression>
      </expression>
    </field>
    <field id="_ZJlx0btFEe-oKZD3TjNZHg" enable="true" insert="true" name="NOM" ref="resource.md#_hinK47fJEe-iaoMtKSubDA?fileId=_FZzs0LfJEe-iaoMtKSubDA$type=md$name=NOM?" update="true">
      <expression id="_YDnLwrtGEe-decK1358zUw" setDescriptorRef="_YDXUILtGEe-decK1358zUw">
        <expression>stage.CHAMP9</expression>
      </expression>
    </field>
    <field id="_ZJlKwLtFEe-oKZD3TjNZHg" enable="true" insert="true" name="TYPE" ref="resource.md#_hinK0bfJEe-iaoMtKSubDA?fileId=_FZzs0LfJEe-iaoMtKSubDA$type=md$name=TYPE?" update="true">
      <expression id="_YDny0LtGEe-decK1358zUw" setDescriptorRef="_YDXUILtGEe-decK1358zUw">
        <expression>stage.CHAMP6</expression>
      </expression>
    </field>
    <field id="_ZJlx0LtFEe-oKZD3TjNZHg" enable="true" insert="true" name="PRENOM" ref="resource.md#_hinK3bfJEe-iaoMtKSubDA?fileId=_FZzs0LfJEe-iaoMtKSubDA$type=md$name=PRENOM?" update="true">
      <expression id="_YDny0btGEe-decK1358zUw" setDescriptorRef="_YDXUILtGEe-decK1358zUw">
        <expression>stage.CHAMP8</expression>
      </expression>
    </field>
    <field id="_ZJnnAbtFEe-oKZD3TjNZHg" enable="true" insert="true" name="MUTUELLE" ref="resource.md#_hinK9bfJEe-iaoMtKSubDA?fileId=_FZzs0LfJEe-iaoMtKSubDA$type=md$name=MUTUELLE?" update="true">
      <expression id="_YDny0rtGEe-decK1358zUw" setDescriptorRef="_YDXUILtGEe-decK1358zUw">
        <expression>stage.CHAMP12</expression>
      </expression>
    </field>
    <field id="_ZJj8oLtFEe-oKZD3TjNZHg" enable="true" insert="true" name="CLE_COMPTE" ref="resource.md#_hinKxbfJEe-iaoMtKSubDA?fileId=_FZzs0LfJEe-iaoMtKSubDA$type=md$name=CLE_COMPTE?" update="true">
      <expression id="_YDny07tGEe-decK1358zUw" setDescriptorRef="_YDXUILtGEe-decK1358zUw">
        <expression>stage.CHAMP4</expression>
      </expression>
    </field>
    <field id="_ZJo1ILtFEe-oKZD3TjNZHg" enable="true" insert="true" name="ID_FICHIER" ref="resource.md#_hinLAbfJEe-iaoMtKSubDA?fileId=_FZzs0LfJEe-iaoMtKSubDA$type=md$name=ID_FICHIER?" update="true">
      <expression id="_YDoZ4LtGEe-decK1358zUw" setDescriptorRef="_YDXUILtGEe-decK1358zUw">
        <expression>FILE_SOURCE.ID_SOURCE</expression>
      </expression>
    </field>
    <setDescriptor id="_YDXUILtGEe-decK1358zUw" label="A"/>
    <targetFilter id="_qu0GoLtGEe-decK1358zUw" enable="true" location="WRK" aggregate="false">
      <expression>stage.CHAMP1 = '200'</expression>
    </targetFilter>
  </datastore>
  <datastore id="_ZdBrMLtFEe-oKZD3TjNZHg" alias="SAS_ADRESSE" dataset="_ZdLcMLtFEe-oKZD3TjNZHg" ref="resource.md#_hisDXrfJEe-iaoMtKSubDA?fileId=_FZzs0LfJEe-iaoMtKSubDA$type=md$name=SAS_ADRESSE?" subExpression="[A]">
    <field id="_ZdF8obtFEe-oKZD3TjNZHg" enable="true" insert="true" name="STATUS" ref="resource.md#_hisDbbfJEe-iaoMtKSubDA?fileId=_FZzs0LfJEe-iaoMtKSubDA$type=md$name=STATUS?" update="true">
      <expression id="_uMrfMLtHEe-RtatmNxgCNA" setDescriptorRef="_uMl_oLtHEe-RtatmNxgCNA">
        <expression>stage.CHAMP4</expression>
      </expression>
    </field>
    <field id="_ZdHKwLtFEe-oKZD3TjNZHg" enable="true" insert="true" name="LIGNE_5" ref="resource.md#_hisDi7fJEe-iaoMtKSubDA?fileId=_FZzs0LfJEe-iaoMtKSubDA$type=md$name=LIGNE_5?" update="true">
      <expression id="_uMsGQLtHEe-RtatmNxgCNA" setDescriptorRef="_uMl_oLtHEe-RtatmNxgCNA">
        <expression>stage.CHAMP9</expression>
      </expression>
    </field>
    <field id="_ZdGjsrtFEe-oKZD3TjNZHg" enable="true" insert="true" name="LIGNE_3" ref="resource.md#_hisDf7fJEe-iaoMtKSubDA?fileId=_FZzs0LfJEe-iaoMtKSubDA$type=md$name=LIGNE_3?" update="true">
      <expression id="_uMsGQbtHEe-RtatmNxgCNA" setDescriptorRef="_uMl_oLtHEe-RtatmNxgCNA">
        <expression>stage.CHAMP7</expression>
      </expression>
    </field>
    <field id="_ZdGjsbtFEe-oKZD3TjNZHg" enable="true" insert="true" name="LIGNE_2" ref="resource.md#_hisDebfJEe-iaoMtKSubDA?fileId=_FZzs0LfJEe-iaoMtKSubDA$type=md$name=LIGNE_2?" update="true">
      <expression id="_uMstULtHEe-RtatmNxgCNA" setDescriptorRef="_uMl_oLtHEe-RtatmNxgCNA">
        <expression>stage.CHAMP6</expression>
      </expression>
    </field>
    <field id="_ZdHKwrtFEe-oKZD3TjNZHg" enable="true" insert="true" name="CODE_POSTAL" ref="resource.md#_hisDl7fJEe-iaoMtKSubDA?fileId=_FZzs0LfJEe-iaoMtKSubDA$type=md$name=CODE_POSTAL?" update="true">
      <expression id="_uMstUbtHEe-RtatmNxgCNA" setDescriptorRef="_uMl_oLtHEe-RtatmNxgCNA">
        <expression>stage.CHAMP11</expression>
      </expression>
    </field>
    <field id="_ZdHx0rtFEe-oKZD3TjNZHg" enable="true" insert="true" name="DATE_CREATION" ref="resource.md#_hisDqbfJEe-iaoMtKSubDA?fileId=_FZzs0LfJEe-iaoMtKSubDA$type=md$name=DATE_CREATION?" update="true">
      <expression id="_uMstUrtHEe-RtatmNxgCNA" setDescriptorRef="_uMl_oLtHEe-RtatmNxgCNA">
        <expression>current_timestamp</expression>
      </expression>
    </field>
    <field id="_ZdHx0LtFEe-oKZD3TjNZHg" enable="true" insert="true" name="PAYS" ref="resource.md#_hisDnbfJEe-iaoMtKSubDA?fileId=_FZzs0LfJEe-iaoMtKSubDA$type=md$name=PAYS?" update="true">
      <expression id="_uMstU7tHEe-RtatmNxgCNA" setDescriptorRef="_uMl_oLtHEe-RtatmNxgCNA">
        <expression>stage.CHAMP12</expression>
      </expression>
    </field>
    <field id="_ZdHx0btFEe-oKZD3TjNZHg" enable="true" insert="true" name="QUALITE" ref="resource.md#_hisDo7fJEe-iaoMtKSubDA?fileId=_FZzs0LfJEe-iaoMtKSubDA$type=md$name=QUALITE?" update="true">
      <expression id="_uMtUYLtHEe-RtatmNxgCNA" setDescriptorRef="_uMl_oLtHEe-RtatmNxgCNA">
        <expression>stage.CHAMP13</expression>
      </expression>
    </field>
    <field id="_ZdGjsLtFEe-oKZD3TjNZHg" enable="true" insert="true" name="LIGNE_1" ref="resource.md#_hisDc7fJEe-iaoMtKSubDA?fileId=_FZzs0LfJEe-iaoMtKSubDA$type=md$name=LIGNE_1?" update="true">
      <expression id="_uMtUYbtHEe-RtatmNxgCNA" setDescriptorRef="_uMl_oLtHEe-RtatmNxgCNA">
        <expression>stage.CHAMP5</expression>
      </expression>
    </field>
    <field id="_ZdGjs7tFEe-oKZD3TjNZHg" enable="true" insert="true" name="LIGNE_4" ref="resource.md#_hisDhbfJEe-iaoMtKSubDA?fileId=_FZzs0LfJEe-iaoMtKSubDA$type=md$name=LIGNE_4?" update="true">
      <expression id="_uMtUYrtHEe-RtatmNxgCNA" setDescriptorRef="_uMl_oLtHEe-RtatmNxgCNA">
        <expression>stage.CHAMP8</expression>
      </expression>
    </field>
    <field id="_ZdF8oLtFEe-oKZD3TjNZHg" enable="true" insert="true" name="ACTION" ref="resource.md#_hisDZ7fJEe-iaoMtKSubDA?fileId=_FZzs0LfJEe-iaoMtKSubDA$type=md$name=ACTION?" update="true">
      <expression id="_uMtUY7tHEe-RtatmNxgCNA" setDescriptorRef="_uMl_oLtHEe-RtatmNxgCNA">
        <expression>stage.CHAMP2</expression>
      </expression>
    </field>
    <field id="_ZdFVkbtFEe-oKZD3TjNZHg" enable="true" insert="true" name="CLE_CLIENT" ref="resource.md#_hisDYbfJEe-iaoMtKSubDA?fileId=_FZzs0LfJEe-iaoMtKSubDA$type=md$name=CLE_CLIENT?" update="true">
      <expression id="_uMt7cLtHEe-RtatmNxgCNA" setDescriptorRef="_uMl_oLtHEe-RtatmNxgCNA">
        <expression>stage.CHAMP3</expression>
      </expression>
    </field>
    <field id="_ZdHKwbtFEe-oKZD3TjNZHg" enable="true" insert="true" name="VILLE" ref="resource.md#_hisDkbfJEe-iaoMtKSubDA?fileId=_FZzs0LfJEe-iaoMtKSubDA$type=md$name=VILLE?" update="true">
      <expression id="_uMt7cbtHEe-RtatmNxgCNA" setDescriptorRef="_uMl_oLtHEe-RtatmNxgCNA">
        <expression>stage.CHAMP10</expression>
      </expression>
    </field>
    <field id="_ZdIY4LtFEe-oKZD3TjNZHg" enable="true" insert="true" name="ID_FICHIER" ref="resource.md#_hisDr7fJEe-iaoMtKSubDA?fileId=_FZzs0LfJEe-iaoMtKSubDA$type=md$name=ID_FICHIER?" update="true">
      <expression id="_uMt7crtHEe-RtatmNxgCNA" setDescriptorRef="_uMl_oLtHEe-RtatmNxgCNA">
        <expression>FILE_SOURCE.ID_SOURCE</expression>
      </expression>
    </field>
    <setDescriptor id="_uMl_oLtHEe-RtatmNxgCNA" label="A"/>
    <targetFilter id="_7wlJELtHEe-RtatmNxgCNA" enable="true" location="WRK" aggregate="false">
      <expression>stage.CHAMP1 = '204'</expression>
    </targetFilter>
  </datastore>
  <datastore id="_Z75_kLtFEe-oKZD3TjNZHg" alias="SAS_COMPTE" dataset="_Z8Ha8LtFEe-oKZD3TjNZHg" ref="resource.md#_hinx4LfJEe-iaoMtKSubDA?fileId=_FZzs0LfJEe-iaoMtKSubDA$type=md$name=SAS_COMPTE?" subExpression="[A]">
    <field id="_Z8DwkLtFEe-oKZD3TjNZHg" enable="true" insert="true" name="CABINET" ref="resource.md#_hinx-7fJEe-iaoMtKSubDA?fileId=_FZzs0LfJEe-iaoMtKSubDA$type=md$name=CABINET?" update="true">
      <expression id="_s7U28LtFEe-oKZD3TjNZHg" setDescriptorRef="_s7P-cLtFEe-oKZD3TjNZHg">
        <expression>stage.CHAMP6</expression>
      </expression>
    </field>
    <field id="_Z8DJgLtFEe-oKZD3TjNZHg" enable="true" insert="true" name="TYPE" ref="resource.md#_hinx9bfJEe-iaoMtKSubDA?fileId=_FZzs0LfJEe-iaoMtKSubDA$type=md$name=TYPE?" update="true">
      <expression id="_s7VeALtFEe-oKZD3TjNZHg" setDescriptorRef="_s7P-cLtFEe-oKZD3TjNZHg">
        <expression>stage.CHAMP5</expression>
      </expression>
    </field>
    <field id="_Z8DwkbtFEe-oKZD3TjNZHg" enable="true" insert="true" name="DATE_CREATION" ref="resource.md#_hinyAbfJEe-iaoMtKSubDA?fileId=_FZzs0LfJEe-iaoMtKSubDA$type=md$name=DATE_CREATION?" update="true">
      <expression id="_s7VeAbtFEe-oKZD3TjNZHg" setDescriptorRef="_s7P-cLtFEe-oKZD3TjNZHg">
        <expression>current_timestamp</expression>
      </expression>
    </field>
    <field id="_Z8EXoLtFEe-oKZD3TjNZHg" enable="true" insert="true" name="ID_FICHIER" ref="resource.md#_hinyB7fJEe-iaoMtKSubDA?fileId=_FZzs0LfJEe-iaoMtKSubDA$type=md$name=ID_FICHIER?" update="true">
      <expression id="_s7VeArtFEe-oKZD3TjNZHg" setDescriptorRef="_s7P-cLtFEe-oKZD3TjNZHg">
        <expression>FILE_SOURCE.ID_SOURCE</expression>
      </expression>
    </field>
    <field id="_Z8BUULtFEe-oKZD3TjNZHg" enable="true" insert="true" name="CLE_COMPTE" ref="resource.md#_hinx47fJEe-iaoMtKSubDA?fileId=_FZzs0LfJEe-iaoMtKSubDA$type=md$name=CLE_COMPTE?" update="true">
      <expression id="_s7WFELtFEe-oKZD3TjNZHg" setDescriptorRef="_s7P-cLtFEe-oKZD3TjNZHg">
        <expression>stage.CHAMP3</expression>
      </expression>
    </field>
    <field id="_Z8B7YLtFEe-oKZD3TjNZHg" enable="true" insert="true" name="ACTION" ref="resource.md#_hinx6bfJEe-iaoMtKSubDA?fileId=_FZzs0LfJEe-iaoMtKSubDA$type=md$name=ACTION?" update="true">
      <expression id="_s7WFEbtFEe-oKZD3TjNZHg" setDescriptorRef="_s7P-cLtFEe-oKZD3TjNZHg">
        <expression>stage.CHAMP2</expression>
      </expression>
    </field>
    <field id="_Z8CicLtFEe-oKZD3TjNZHg" enable="true" insert="true" name="STATUS" ref="resource.md#_hinx77fJEe-iaoMtKSubDA?fileId=_FZzs0LfJEe-iaoMtKSubDA$type=md$name=STATUS?" update="true">
      <expression id="_s7WFErtFEe-oKZD3TjNZHg" setDescriptorRef="_s7P-cLtFEe-oKZD3TjNZHg">
        <expression>stage.CHAMP4</expression>
      </expression>
    </field>
    <setDescriptor id="_s7P-cLtFEe-oKZD3TjNZHg" label="A"/>
    <targetFilter id="_2OjV0LtFEe-oKZD3TjNZHg" enable="true" location="WRK" aggregate="false">
      <expression>stage.CHAMP1 = '100'</expression>
    </targetFilter>
  </datastore>
  <datastore id="_b24egLtFEe-oKZD3TjNZHg" alias="SAS_EMAIL" dataset="_b3AaULtFEe-oKZD3TjNZHg" ref="resource.md#_hioY_bfJEe-iaoMtKSubDA?fileId=_FZzs0LfJEe-iaoMtKSubDA$type=md$name=SAS_EMAIL?" subExpression="[A]">
    <field id="_b29XAbtFEe-oKZD3TjNZHg" enable="true" insert="true" name="CLE_CLIENT" ref="resource.md#_hioZALfJEe-iaoMtKSubDA?fileId=_FZzs0LfJEe-iaoMtKSubDA$type=md$name=CLE_CLIENT?" update="true">
      <expression id="_JKjQULtHEe-XqJPyWnfpIw" setDescriptorRef="_JKfl8LtHEe-XqJPyWnfpIw">
        <expression>stage.CHAMP3</expression>
      </expression>
    </field>
    <field id="_b29-ErtFEe-oKZD3TjNZHg" enable="true" insert="true" name="STATUS" ref="resource.md#_hioZErfJEe-iaoMtKSubDA?fileId=_FZzs0LfJEe-iaoMtKSubDA$type=md$name=STATUS?" update="true">
      <expression id="_JKjQUbtHEe-XqJPyWnfpIw" setDescriptorRef="_JKfl8LtHEe-XqJPyWnfpIw">
        <expression>stage.CHAMP5</expression>
      </expression>
    </field>
    <field id="_b2-lILtFEe-oKZD3TjNZHg" enable="true" insert="true" name="ID_FICHIER" ref="resource.md#_hioZHrfJEe-iaoMtKSubDA?fileId=_FZzs0LfJEe-iaoMtKSubDA$type=md$name=ID_FICHIER?" update="true">
      <expression id="_JKj3YLtHEe-XqJPyWnfpIw" setDescriptorRef="_JKfl8LtHEe-XqJPyWnfpIw">
        <expression>FILE_SOURCE.ID_SOURCE</expression>
      </expression>
    </field>
    <field id="_b29-EbtFEe-oKZD3TjNZHg" enable="true" insert="true" name="EMAIL" ref="resource.md#_hioZDLfJEe-iaoMtKSubDA?fileId=_FZzs0LfJEe-iaoMtKSubDA$type=md$name=EMAIL?" update="true">
      <expression id="_JKj3YbtHEe-XqJPyWnfpIw" setDescriptorRef="_JKfl8LtHEe-XqJPyWnfpIw">
        <expression>stage.CHAMP4</expression>
      </expression>
    </field>
    <field id="_b29-ELtFEe-oKZD3TjNZHg" enable="true" insert="true" name="ACTION" ref="resource.md#_hioZBrfJEe-iaoMtKSubDA?fileId=_FZzs0LfJEe-iaoMtKSubDA$type=md$name=ACTION?" update="true">
      <expression id="_JKkecLtHEe-XqJPyWnfpIw" setDescriptorRef="_JKfl8LtHEe-XqJPyWnfpIw">
        <expression>stage.CHAMP2</expression>
      </expression>
    </field>
    <field id="_b29-E7tFEe-oKZD3TjNZHg" enable="true" insert="true" name="DATE_CREATION" ref="resource.md#_hioZGLfJEe-iaoMtKSubDA?fileId=_FZzs0LfJEe-iaoMtKSubDA$type=md$name=DATE_CREATION?" update="true">
      <expression id="_JKlFgLtHEe-XqJPyWnfpIw" setDescriptorRef="_JKfl8LtHEe-XqJPyWnfpIw">
        <expression>current_timestamp</expression>
      </expression>
    </field>
    <setDescriptor id="_JKfl8LtHEe-XqJPyWnfpIw" label="A"/>
    <targetFilter id="_U8LrULtHEe-XqJPyWnfpIw" enable="true" location="WRK" aggregate="false">
      <expression>stage.CHAMP1 = '203'</expression>
    </targetFilter>
  </datastore>
  <datastore id="_crDtcLtFEe-oKZD3TjNZHg" alias="SAS_TELEPHONE" dataset="_crJNALtFEe-oKZD3TjNZHg" ref="resource.md#_hipnqbfJEe-iaoMtKSubDA?fileId=_FZzs0LfJEe-iaoMtKSubDA$type=md$name=SAS_TELEPHONE?" subExpression="[A]">
    <field id="_crHX0rtFEe-oKZD3TjNZHg" enable="true" insert="true" name="FAVORI" ref="resource.md#_hipnxLfJEe-iaoMtKSubDA?fileId=_FZzs0LfJEe-iaoMtKSubDA$type=md$name=FAVORI?" update="true">
      <expression id="_P9cD8LtIEe-m5b-WgwpGlQ" setDescriptorRef="_P9HT0LtIEe-m5b-WgwpGlQ">
        <expression>stage.CHAMP6</expression>
      </expression>
    </field>
    <field id="_crHX0btFEe-oKZD3TjNZHg" enable="true" insert="true" name="STATUS" ref="resource.md#_hipnvrfJEe-iaoMtKSubDA?fileId=_FZzs0LfJEe-iaoMtKSubDA$type=md$name=STATUS?" update="true">
      <expression id="_P9crALtIEe-m5b-WgwpGlQ" setDescriptorRef="_P9HT0LtIEe-m5b-WgwpGlQ">
        <expression>stage.CHAMP5</expression>
      </expression>
    </field>
    <field id="_crGwwrtFEe-oKZD3TjNZHg" enable="true" insert="true" name="ACTION" ref="resource.md#_hipnsrfJEe-iaoMtKSubDA?fileId=_FZzs0LfJEe-iaoMtKSubDA$type=md$name=ACTION?" update="true">
      <expression id="_P9crAbtIEe-m5b-WgwpGlQ" setDescriptorRef="_P9HT0LtIEe-m5b-WgwpGlQ">
        <expression>stage.CHAMP2</expression>
      </expression>
    </field>
    <field id="_crHX07tFEe-oKZD3TjNZHg" enable="true" insert="true" name="TYPE" ref="resource.md#_hipnyrfJEe-iaoMtKSubDA?fileId=_FZzs0LfJEe-iaoMtKSubDA$type=md$name=TYPE?" update="true">
      <expression id="_P9dSELtIEe-m5b-WgwpGlQ" setDescriptorRef="_P9HT0LtIEe-m5b-WgwpGlQ">
        <expression>stage.CHAMP7</expression>
      </expression>
    </field>
    <field id="_crGwwbtFEe-oKZD3TjNZHg" enable="true" insert="true" name="CLE_CLIENT" ref="resource.md#_hipnrLfJEe-iaoMtKSubDA?fileId=_FZzs0LfJEe-iaoMtKSubDA$type=md$name=CLE_CLIENT?" update="true">
      <expression id="_P9d5ILtIEe-m5b-WgwpGlQ" setDescriptorRef="_P9HT0LtIEe-m5b-WgwpGlQ">
        <expression>stage.CHAMP3</expression>
      </expression>
    </field>
    <field id="_crHX1LtFEe-oKZD3TjNZHg" enable="true" insert="true" name="DATE_CREATION" ref="resource.md#_hiqN4LfJEe-iaoMtKSubDA?fileId=_FZzs0LfJEe-iaoMtKSubDA$type=md$name=DATE_CREATION?" update="true">
      <expression id="_P9egMLtIEe-m5b-WgwpGlQ" setDescriptorRef="_P9HT0LtIEe-m5b-WgwpGlQ">
        <expression>current_timestamp</expression>
      </expression>
    </field>
    <field id="_crHX1btFEe-oKZD3TjNZHg" enable="true" insert="true" name="ID_FICHIER" ref="resource.md#_hiqN5rfJEe-iaoMtKSubDA?fileId=_FZzs0LfJEe-iaoMtKSubDA$type=md$name=ID_FICHIER?" update="true">
      <expression id="_P9fHQLtIEe-m5b-WgwpGlQ" setDescriptorRef="_P9HT0LtIEe-m5b-WgwpGlQ">
        <expression>FILE_SOURCE.ID_SOURCE</expression>
      </expression>
    </field>
    <field id="_crHX0LtFEe-oKZD3TjNZHg" enable="true" insert="true" name="PHONE" ref="resource.md#_hipnuLfJEe-iaoMtKSubDA?fileId=_FZzs0LfJEe-iaoMtKSubDA$type=md$name=PHONE?" update="true">
      <expression id="_P9fHQbtIEe-m5b-WgwpGlQ" setDescriptorRef="_P9HT0LtIEe-m5b-WgwpGlQ">
        <expression>stage.CHAMP4</expression>
      </expression>
    </field>
    <setDescriptor id="_P9HT0LtIEe-m5b-WgwpGlQ" label="A"/>
    <targetFilter id="_fxCqILtJEe-m5b-WgwpGlQ" enable="true" location="WRK" aggregate="false">
      <expression>stage.CHAMP1 = '205'</expression>
    </targetFilter>
  </datastore>
  <join id="_Qiz3ULtHEe-XqJPyWnfpIw" location="SRC" left="_DLxPoLtFEe-oKZD3TjNZHg" order="10" right="_582pALtEEe-oKZD3TjNZHg">
    <expression>FILE_SOURCE.SOURCE = stage.FILE_NAME</expression>
  </join>
  <template id="_5938sLtEEe-oKZD3TjNZHg" name="I_stage" process="resource.proc#_8zSzQdu8EeWIdu0rdnx7VQ?fileId=_8zSzQdu8EeWIdu0rdnx7VQ$type=proc$name=STAGING%20Oracle%20As%20Table?" targetId="_582pALtEEe-oKZD3TjNZHg"/>
  <template id="_FQ8zcLtFEe-oKZD3TjNZHg" name="I_FILE_SOURCE" process="resource.proc#_jkWgEFEJEeO7Vo9WeM2sCg?fileId=_jkWgEFEJEeO7Vo9WeM2sCg$type=proc$name=INTEGRATION%20Oracle?" targetId="_DLxPoLtFEe-oKZD3TjNZHg"/>
  <template id="_s7fPALtFEe-oKZD3TjNZHg" name="I_SAS_COMPTE" process="resource.proc#_jkWgEFEJEeO7Vo9WeM2sCg?fileId=_jkWgEFEJEeO7Vo9WeM2sCg$type=proc$name=INTEGRATION%20Oracle?" targetId="_Z75_kLtFEe-oKZD3TjNZHg"/>
  <template id="_YEZO4LtGEe-decK1358zUw" name="I_SAS_CLIENT" process="resource.proc#_jkWgEFEJEeO7Vo9WeM2sCg?fileId=_jkWgEFEJEeO7Vo9WeM2sCg$type=proc$name=INTEGRATION%20Oracle?" targetId="_ZJWhQLtFEe-oKZD3TjNZHg"/>
  <template id="_JK9gALtHEe-XqJPyWnfpIw" name="I_SAS_EMAIL" process="resource.proc#_jkWgEFEJEeO7Vo9WeM2sCg?fileId=_jkWgEFEJEeO7Vo9WeM2sCg$type=proc$name=INTEGRATION%20Oracle?" targetId="_b24egLtFEe-oKZD3TjNZHg"/>
  <template id="_uM-aILtHEe-RtatmNxgCNA" name="I_SAS_ADRESSE" process="resource.proc#_jkWgEFEJEeO7Vo9WeM2sCg?fileId=_jkWgEFEJEeO7Vo9WeM2sCg$type=proc$name=INTEGRATION%20Oracle?" targetId="_ZdBrMLtFEe-oKZD3TjNZHg"/>
  <template id="_P-pk4LtIEe-m5b-WgwpGlQ" name="I_SAS_TELEPHONE" process="resource.proc#_jkWgEFEJEeO7Vo9WeM2sCg?fileId=_jkWgEFEJEeO7Vo9WeM2sCg$type=proc$name=INTEGRATION%20Oracle?" targetId="_crDtcLtFEe-oKZD3TjNZHg"/>
  <query id="_582pALtEEe-oKZD3TjNZHg" alias="stage" dataset="_585sULtEEe-oKZD3TjNZHg" stagingArea="resource.md#_FrPbELfJEe-iaoMtKSubDA?fileId=_FZzs0LfJEe-iaoMtKSubDA$type=md$name=CSG1_ORA4?" subExpression="[A]">
    <field id="_59WYQLtEEe-oKZD3TjNZHg" name="FILE_NAME">
      <expression id="_59aCoLtEEe-oKZD3TjNZHg" location="WRK" setDescriptorRef="_59XmYLtEEe-oKZD3TjNZHg">
        <expression>TABLE_FILE.FILE_NAME</expression>
      </expression>
    </field>
    <field id="_6aj4sLtEEe-oKZD3TjNZHg" name="CHAMP1">
      <expression id="_6akfwLtEEe-oKZD3TjNZHg" location="WRK" setDescriptorRef="_59XmYLtEEe-oKZD3TjNZHg">
        <expression>TABLE_FILE.CHAMP1</expression>
      </expression>
    </field>
    <field id="_6tTOgLtEEe-oKZD3TjNZHg" name="CHAMP2">
      <expression id="_6tTOgbtEEe-oKZD3TjNZHg" location="WRK" setDescriptorRef="_59XmYLtEEe-oKZD3TjNZHg">
        <expression>TABLE_FILE.CHAMP2</expression>
      </expression>
    </field>
    <field id="_6-OmcLtEEe-oKZD3TjNZHg" name="CHAMP3">
      <expression id="_6-PNgLtEEe-oKZD3TjNZHg" location="WRK" setDescriptorRef="_59XmYLtEEe-oKZD3TjNZHg">
        <expression>TABLE_FILE.CHAMP3</expression>
      </expression>
    </field>
    <field id="_7O3DcLtEEe-oKZD3TjNZHg" name="CHAMP4">
      <expression id="_7O3qgLtEEe-oKZD3TjNZHg" location="WRK" setDescriptorRef="_59XmYLtEEe-oKZD3TjNZHg">
        <expression>TABLE_FILE.CHAMP4</expression>
      </expression>
    </field>
    <field id="_8JSrYLtEEe-oKZD3TjNZHg" name="CHAMP5">
      <expression id="_8JTScLtEEe-oKZD3TjNZHg" location="WRK" setDescriptorRef="_59XmYLtEEe-oKZD3TjNZHg">
        <expression>TABLE_FILE.CHAMP5</expression>
      </expression>
    </field>
    <field id="_8gzzgLtEEe-oKZD3TjNZHg" name="CHAMP6">
      <expression id="_8gzzgbtEEe-oKZD3TjNZHg" location="WRK" setDescriptorRef="_59XmYLtEEe-oKZD3TjNZHg">
        <expression>TABLE_FILE.CHAMP6</expression>
      </expression>
    </field>
    <field id="_81PLYLtEEe-oKZD3TjNZHg" name="CHAMP7">
      <expression id="_81PycLtEEe-oKZD3TjNZHg" location="WRK" setDescriptorRef="_59XmYLtEEe-oKZD3TjNZHg">
        <expression>TABLE_FILE.CHAMP7</expression>
      </expression>
    </field>
    <field id="_9Mf00LtEEe-oKZD3TjNZHg" name="CHAMP8">
      <expression id="_9Mf00btEEe-oKZD3TjNZHg" location="WRK" setDescriptorRef="_59XmYLtEEe-oKZD3TjNZHg">
        <expression>TABLE_FILE.CHAMP8</expression>
      </expression>
    </field>
    <field id="_9d1ccLtEEe-oKZD3TjNZHg" name="CHAMP9">
      <expression id="_9d1ccbtEEe-oKZD3TjNZHg" location="WRK" setDescriptorRef="_59XmYLtEEe-oKZD3TjNZHg">
        <expression>TABLE_FILE.CHAMP9</expression>
      </expression>
    </field>
    <field id="_9vKdALtEEe-oKZD3TjNZHg" name="CHAMP10">
      <expression id="_9vKdAbtEEe-oKZD3TjNZHg" location="WRK" setDescriptorRef="_59XmYLtEEe-oKZD3TjNZHg">
        <expression>TABLE_FILE.CHAMP10</expression>
      </expression>
    </field>
    <field id="_-CQYILtEEe-oKZD3TjNZHg" name="CHAMP11">
      <expression id="_-CQ_MLtEEe-oKZD3TjNZHg" location="WRK" setDescriptorRef="_59XmYLtEEe-oKZD3TjNZHg">
        <expression>TABLE_FILE.CHAMP11</expression>
      </expression>
    </field>
    <field id="_-UWNsLtEEe-oKZD3TjNZHg" name="CHAMP12">
      <expression id="_-UWNsbtEEe-oKZD3TjNZHg" location="WRK" setDescriptorRef="_59XmYLtEEe-oKZD3TjNZHg">
        <expression>TABLE_FILE.CHAMP12</expression>
      </expression>
    </field>
    <field id="_-kgwoLtEEe-oKZD3TjNZHg" name="CHAMP13">
      <expression id="_-kh-wLtEEe-oKZD3TjNZHg" location="WRK" setDescriptorRef="_59XmYLtEEe-oKZD3TjNZHg">
        <expression>TABLE_FILE.CHAMP13</expression>
      </expression>
    </field>
    <setDescriptor id="_59XmYLtEEe-oKZD3TjNZHg" label="A"/>
  </query>
  <dataSet id="_2aNosLtEEe-oKZD3TjNZHg">
    <container>_2ZhFILtEEe-oKZD3TjNZHg</container>
  </dataSet>
  <dataSet id="_585sULtEEe-oKZD3TjNZHg">
    <container>_582pALtEEe-oKZD3TjNZHg</container>
    <container>_DLxPoLtFEe-oKZD3TjNZHg</container>
  </dataSet>
  <dataSet id="_ZJsfgLtFEe-oKZD3TjNZHg">
    <container>_ZJWhQLtFEe-oKZD3TjNZHg</container>
  </dataSet>
  <dataSet id="_ZdLcMLtFEe-oKZD3TjNZHg">
    <container>_ZdBrMLtFEe-oKZD3TjNZHg</container>
  </dataSet>
  <dataSet id="_Z8Ha8LtFEe-oKZD3TjNZHg">
    <container>_Z75_kLtFEe-oKZD3TjNZHg</container>
  </dataSet>
  <dataSet id="_b3AaULtFEe-oKZD3TjNZHg">
    <container>_b24egLtFEe-oKZD3TjNZHg</container>
  </dataSet>
  <dataSet id="_crJNALtFEe-oKZD3TjNZHg">
    <container>_crDtcLtFEe-oKZD3TjNZHg</container>
  </dataSet>
  <hint>
    <usedField>#_2aA0YLtEEe-oKZD3TjNZHg</usedField>
    <usedField>#_2aCCgbtEEe-oKZD3TjNZHg</usedField>
    <usedField>#_2aCpkLtEEe-oKZD3TjNZHg</usedField>
    <usedField>#_2aCpkbtEEe-oKZD3TjNZHg</usedField>
    <usedField>#_2aBbcLtEEe-oKZD3TjNZHg</usedField>
    <usedField>#_2aEewbtEEe-oKZD3TjNZHg</usedField>
    <usedField>#_2aD3sLtEEe-oKZD3TjNZHg</usedField>
    <usedField>#_2aFs4LtEEe-oKZD3TjNZHg</usedField>
    <usedField>#_2aDQobtEEe-oKZD3TjNZHg</usedField>
    <usedField>#_2aANUbtEEe-oKZD3TjNZHg</usedField>
    <usedField>#_2aCCgLtEEe-oKZD3TjNZHg</usedField>
    <usedField>#_2aDQoLtEEe-oKZD3TjNZHg</usedField>
    <usedField>#_2aEewLtEEe-oKZD3TjNZHg</usedField>
    <usedField>#_2aFF0LtEEe-oKZD3TjNZHg</usedField>
    <usedField>#_DMBHQLtFEe-oKZD3TjNZHg</usedField>
    <usedField>#_DL-D8LtFEe-oKZD3TjNZHg</usedField>
  </hint>
  <diagram><![CDATA[<?xml version="1.0" encoding="UTF-8"?>
<notation:Diagram xmi:version="2.0" xmlns:xmi="http://www.omg.org/XMI" xmlns:xsi="http://www.w3.org/2001/XMLSchema-instance" xmlns:map="http://www.indy.com/v2/map" xmlns:mapNot="http://www.indy.com/v2/map/notation" xmlns:notation="http://www.eclipse.org/gmf/runtime/1.0.1/notation" xsi:schemaLocation="http://www.eclipse.org/gmf/runtime/1.0.1/notation " xmi:id="_vDGRMLtEEe-oKZD3TjNZHg" type="Map" measurementUnit="Pixel">
  <children xmi:type="mapNot:NodeView" xmi:id="_2Oo1YLtFEe-oKZD3TjNZHg" type="2006">
    <styles xmi:type="notation:DescriptionStyle" xmi:id="_2Oo1YbtFEe-oKZD3TjNZHg"/>
    <styles xmi:type="notation:FontStyle" xmi:id="_2Oo1YrtFEe-oKZD3TjNZHg" fontName="Segoe UI"/>
    <styles xmi:type="notation:FillStyle" xmi:id="_2Oo1Y7tFEe-oKZD3TjNZHg"/>
    <element xmi:type="map:TargetFilter" href="resource.map#_2OjV0LtFEe-oKZD3TjNZHg?fileId=_UR_MkLfKEe-iaoMtKSubDA$type=map?"/>
    <layoutConstraint xmi:type="notation:Bounds" xmi:id="_2Oo1ZLtFEe-oKZD3TjNZHg" x="796" y="188"/>
    <subElement xmi:type="map:DataSet" href="resource.map#_585sULtEEe-oKZD3TjNZHg?fileId=_UR_MkLfKEe-iaoMtKSubDA$type=map?"/>
  </children>
  <children xmi:type="mapNot:NodeView" xmi:id="_qu_FwLtGEe-decK1358zUw" type="2006">
    <styles xmi:type="notation:DescriptionStyle" xmi:id="_qu_FwbtGEe-decK1358zUw"/>
    <styles xmi:type="notation:FontStyle" xmi:id="_qu_FwrtGEe-decK1358zUw" fontName="Segoe UI"/>
    <styles xmi:type="notation:FillStyle" xmi:id="_qu_Fw7tGEe-decK1358zUw"/>
    <element xmi:type="map:TargetFilter" href="resource.map#_qu0GoLtGEe-decK1358zUw?fileId=_UR_MkLfKEe-iaoMtKSubDA$type=map?"/>
    <layoutConstraint xmi:type="notation:Bounds" xmi:id="_qu_FxLtGEe-decK1358zUw"/>
    <subElement xmi:type="map:DataSet" href="resource.map#_585sULtEEe-oKZD3TjNZHg?fileId=_UR_MkLfKEe-iaoMtKSubDA$type=map?"/>
  </children>
  <children xmi:type="mapNot:NodeView" xmi:id="_U8TAELtHEe-XqJPyWnfpIw" type="2006">
    <styles xmi:type="notation:DescriptionStyle" xmi:id="_U8TAEbtHEe-XqJPyWnfpIw"/>
    <styles xmi:type="notation:FontStyle" xmi:id="_U8TAErtHEe-XqJPyWnfpIw" fontName="Segoe UI"/>
    <styles xmi:type="notation:FillStyle" xmi:id="_U8TAE7tHEe-XqJPyWnfpIw"/>
    <element xmi:type="map:TargetFilter" href="resource.map#_U8LrULtHEe-XqJPyWnfpIw?fileId=_UR_MkLfKEe-iaoMtKSubDA$type=map?"/>
    <layoutConstraint xmi:type="notation:Bounds" xmi:id="_U8TAFLtHEe-XqJPyWnfpIw" x="838" y="254"/>
    <subElement xmi:type="map:DataSet" href="resource.map#_585sULtEEe-oKZD3TjNZHg?fileId=_UR_MkLfKEe-iaoMtKSubDA$type=map?"/>
  </children>
  <children xmi:type="mapNot:NodeView" xmi:id="_3zZRUMb5Ee-lu90_xx3znQ" type="2006">
    <styles xmi:type="notation:DescriptionStyle" xmi:id="_3zZRUcb5Ee-lu90_xx3znQ"/>
    <styles xmi:type="notation:FontStyle" xmi:id="_3zZRUsb5Ee-lu90_xx3znQ" fontName="Segoe UI"/>
    <styles xmi:type="notation:FillStyle" xmi:id="_3zZRU8b5Ee-lu90_xx3znQ"/>
    <element xmi:type="map:TargetFilter" href="resource.map#_7wlJELtHEe-RtatmNxgCNA?fileId=_UR_MkLfKEe-iaoMtKSubDA$type=map?"/>
    <layoutConstraint xmi:type="notation:Bounds" xmi:id="_3zZRVMb5Ee-lu90_xx3znQ"/>
    <subElement xmi:type="map:DataSet" href="resource.map#_585sULtEEe-oKZD3TjNZHg?fileId=_UR_MkLfKEe-iaoMtKSubDA$type=map?"/>
  </children>
  <children xmi:type="mapNot:NodeView" xmi:id="_3zZRVcb5Ee-lu90_xx3znQ" type="2006">
    <styles xmi:type="notation:DescriptionStyle" xmi:id="_3zZRVsb5Ee-lu90_xx3znQ"/>
    <styles xmi:type="notation:FontStyle" xmi:id="_3zZRV8b5Ee-lu90_xx3znQ" fontName="Segoe UI"/>
    <styles xmi:type="notation:FillStyle" xmi:id="_3zZ4YMb5Ee-lu90_xx3znQ"/>
    <element xmi:type="map:TargetFilter" href="resource.map#_fxCqILtJEe-m5b-WgwpGlQ?fileId=_UR_MkLfKEe-iaoMtKSubDA$type=map?"/>
    <layoutConstraint xmi:type="notation:Bounds" xmi:id="_3zZ4Ycb5Ee-lu90_xx3znQ" x="10" y="10"/>
    <subElement xmi:type="map:DataSet" href="resource.map#_585sULtEEe-oKZD3TjNZHg?fileId=_UR_MkLfKEe-iaoMtKSubDA$type=map?"/>
  </children>
  <children xmi:type="notation:Node" xmi:id="_Qkui4LtHEe-XqJPyWnfpIw" type="2005">
    <styles xmi:type="notation:DescriptionStyle" xmi:id="_Qkui4btHEe-XqJPyWnfpIw"/>
    <styles xmi:type="notation:FontStyle" xmi:id="_Qkui4rtHEe-XqJPyWnfpIw" fontName="Segoe UI"/>
    <styles xmi:type="notation:FillStyle" xmi:id="_Qkui47tHEe-XqJPyWnfpIw"/>
    <element xmi:type="map:Join" href="resource.map#_Qiz3ULtHEe-XqJPyWnfpIw?fileId=_UR_MkLfKEe-iaoMtKSubDA$type=map?"/>
    <layoutConstraint xmi:type="notation:Bounds" xmi:id="_Qkui5LtHEe-XqJPyWnfpIw" x="626" y="507"/>
  </children>
  <children xmi:type="notation:Shape" xmi:id="_DMoLQLtFEe-oKZD3TjNZHg" type="2004" fontName="Segoe UI">
    <children xmi:type="notation:DecorationNode" xmi:id="_DMoLQrtFEe-oKZD3TjNZHg" type="5005"/>
    <children xmi:type="notation:DecorationNode" xmi:id="_DMoLQ7tFEe-oKZD3TjNZHg" type="5007"/>
    <children xmi:type="notation:DecorationNode" xmi:id="_DMoLRLtFEe-oKZD3TjNZHg" type="7003"/>
    <children xmi:type="notation:DecorationNode" xmi:id="_DMoLRbtFEe-oKZD3TjNZHg" type="7009"/>
    <children xmi:type="notation:BasicCompartment" xmi:id="_DMoLRrtFEe-oKZD3TjNZHg" type="7004">
      <styles xmi:type="notation:SortingStyle" xmi:id="_DMoLR7tFEe-oKZD3TjNZHg"/>
      <styles xmi:type="notation:FilteringStyle" xmi:id="_DMoLSLtFEe-oKZD3TjNZHg"/>
    </children>
    <children xmi:type="notation:DecorationNode" xmi:id="_DMoLSbtFEe-oKZD3TjNZHg" type="5009">
      <styles xmi:type="notation:DrawerStyle" xmi:id="_DMoLSrtFEe-oKZD3TjNZHg"/>
    </children>
    <children xmi:type="notation:DecorationNode" xmi:id="_DMoLS7tFEe-oKZD3TjNZHg" type="7005">
      <styles xmi:type="notation:SortingStyle" xmi:id="_DMoLTLtFEe-oKZD3TjNZHg"/>
      <styles xmi:type="notation:FilteringStyle" xmi:id="_DMoLTbtFEe-oKZD3TjNZHg"/>
    </children>
    <children xmi:type="notation:BasicCompartment" xmi:id="_DMoLTrtFEe-oKZD3TjNZHg" type="7007"/>
    <element xmi:type="map:Datastore" href="resource.map#_DLxPoLtFEe-oKZD3TjNZHg?fileId=_UR_MkLfKEe-iaoMtKSubDA$type=map?"/>
    <layoutConstraint xmi:type="notation:Bounds" xmi:id="_DMoLQbtFEe-oKZD3TjNZHg" x="240" y="376"/>
  </children>
  <children xmi:type="notation:Shape" xmi:id="_b3ydcLtFEe-oKZD3TjNZHg" type="2004" fontName="Segoe UI">
    <children xmi:type="notation:DecorationNode" xmi:id="_b3ydcrtFEe-oKZD3TjNZHg" type="5005"/>
    <children xmi:type="notation:DecorationNode" xmi:id="_b3ydc7tFEe-oKZD3TjNZHg" type="5007"/>
    <children xmi:type="notation:DecorationNode" xmi:id="_b3yddLtFEe-oKZD3TjNZHg" type="7003"/>
    <children xmi:type="notation:DecorationNode" xmi:id="_b3yddbtFEe-oKZD3TjNZHg" type="7009"/>
    <children xmi:type="notation:BasicCompartment" xmi:id="_b3yddrtFEe-oKZD3TjNZHg" type="7004">
      <styles xmi:type="notation:SortingStyle" xmi:id="_b3ydd7tFEe-oKZD3TjNZHg"/>
      <styles xmi:type="notation:FilteringStyle" xmi:id="_b3ydeLtFEe-oKZD3TjNZHg"/>
    </children>
    <children xmi:type="notation:DecorationNode" xmi:id="_b3ydebtFEe-oKZD3TjNZHg" type="5009">
      <styles xmi:type="notation:DrawerStyle" xmi:id="_b3ydertFEe-oKZD3TjNZHg"/>
    </children>
    <children xmi:type="notation:DecorationNode" xmi:id="_b3yde7tFEe-oKZD3TjNZHg" type="7005">
      <styles xmi:type="notation:SortingStyle" xmi:id="_b3ydfLtFEe-oKZD3TjNZHg"/>
      <styles xmi:type="notation:FilteringStyle" xmi:id="_b3ydfbtFEe-oKZD3TjNZHg"/>
    </children>
    <children xmi:type="notation:BasicCompartment" xmi:id="_b3ydfrtFEe-oKZD3TjNZHg" type="7007"/>
    <element xmi:type="map:Datastore" href="resource.map#_b24egLtFEe-oKZD3TjNZHg?fileId=_UR_MkLfKEe-iaoMtKSubDA$type=map?"/>
    <layoutConstraint xmi:type="notation:Bounds" xmi:id="_b3ydcbtFEe-oKZD3TjNZHg" x="720" y="241"/>
  </children>
  <children xmi:type="notation:Shape" xmi:id="_Z9LK4LtFEe-oKZD3TjNZHg" type="2004" fontName="Segoe UI">
    <children xmi:type="notation:DecorationNode" xmi:id="_Z9LK4rtFEe-oKZD3TjNZHg" type="5005"/>
    <children xmi:type="notation:DecorationNode" xmi:id="_Z9LK47tFEe-oKZD3TjNZHg" type="5007"/>
    <children xmi:type="notation:DecorationNode" xmi:id="_Z9LK5LtFEe-oKZD3TjNZHg" type="7003"/>
    <children xmi:type="notation:DecorationNode" xmi:id="_Z9LK5btFEe-oKZD3TjNZHg" type="7009"/>
    <children xmi:type="notation:BasicCompartment" xmi:id="_Z9LK5rtFEe-oKZD3TjNZHg" type="7004">
      <styles xmi:type="notation:SortingStyle" xmi:id="_Z9LK57tFEe-oKZD3TjNZHg"/>
      <styles xmi:type="notation:FilteringStyle" xmi:id="_Z9LK6LtFEe-oKZD3TjNZHg"/>
    </children>
    <children xmi:type="notation:DecorationNode" xmi:id="_Z9LK6btFEe-oKZD3TjNZHg" type="5009">
      <styles xmi:type="notation:DrawerStyle" xmi:id="_Z9LK6rtFEe-oKZD3TjNZHg"/>
    </children>
    <children xmi:type="notation:DecorationNode" xmi:id="_Z9LK67tFEe-oKZD3TjNZHg" type="7005">
      <styles xmi:type="notation:SortingStyle" xmi:id="_Z9LK7LtFEe-oKZD3TjNZHg"/>
      <styles xmi:type="notation:FilteringStyle" xmi:id="_Z9LK7btFEe-oKZD3TjNZHg"/>
    </children>
    <children xmi:type="notation:BasicCompartment" xmi:id="_Z9LK7rtFEe-oKZD3TjNZHg" type="7007"/>
    <element xmi:type="map:Datastore" href="resource.map#_Z75_kLtFEe-oKZD3TjNZHg?fileId=_UR_MkLfKEe-iaoMtKSubDA$type=map?"/>
    <layoutConstraint xmi:type="notation:Bounds" xmi:id="_Z9LK4btFEe-oKZD3TjNZHg" x="720" y="30"/>
  </children>
  <children xmi:type="notation:Shape" xmi:id="_crrYgLtFEe-oKZD3TjNZHg" type="2004" fontName="Segoe UI">
    <children xmi:type="notation:DecorationNode" xmi:id="_crrYgrtFEe-oKZD3TjNZHg" type="5005"/>
    <children xmi:type="notation:DecorationNode" xmi:id="_crrYg7tFEe-oKZD3TjNZHg" type="5007"/>
    <children xmi:type="notation:DecorationNode" xmi:id="_crrYhLtFEe-oKZD3TjNZHg" type="7003"/>
    <children xmi:type="notation:DecorationNode" xmi:id="_crrYhbtFEe-oKZD3TjNZHg" type="7009"/>
    <children xmi:type="notation:BasicCompartment" xmi:id="_crr_kLtFEe-oKZD3TjNZHg" type="7004">
      <styles xmi:type="notation:SortingStyle" xmi:id="_crr_kbtFEe-oKZD3TjNZHg"/>
      <styles xmi:type="notation:FilteringStyle" xmi:id="_crr_krtFEe-oKZD3TjNZHg"/>
    </children>
    <children xmi:type="notation:DecorationNode" xmi:id="_crr_k7tFEe-oKZD3TjNZHg" type="5009">
      <styles xmi:type="notation:DrawerStyle" xmi:id="_crr_lLtFEe-oKZD3TjNZHg"/>
    </children>
    <children xmi:type="notation:DecorationNode" xmi:id="_crr_lbtFEe-oKZD3TjNZHg" type="7005">
      <styles xmi:type="notation:SortingStyle" xmi:id="_crr_lrtFEe-oKZD3TjNZHg"/>
      <styles xmi:type="notation:FilteringStyle" xmi:id="_crr_l7tFEe-oKZD3TjNZHg"/>
    </children>
    <children xmi:type="notation:BasicCompartment" xmi:id="_crr_mLtFEe-oKZD3TjNZHg" type="7007"/>
    <element xmi:type="map:Datastore" href="resource.map#_crDtcLtFEe-oKZD3TjNZHg?fileId=_UR_MkLfKEe-iaoMtKSubDA$type=map?"/>
    <layoutConstraint xmi:type="notation:Bounds" xmi:id="_crrYgbtFEe-oKZD3TjNZHg" x="720" y="436"/>
  </children>
  <children xmi:type="notation:Shape" xmi:id="_ZLFmoLtFEe-oKZD3TjNZHg" type="2004" fontName="Segoe UI">
    <children xmi:type="notation:DecorationNode" xmi:id="_ZLGNsLtFEe-oKZD3TjNZHg" type="5005"/>
    <children xmi:type="notation:DecorationNode" xmi:id="_ZLGNsbtFEe-oKZD3TjNZHg" type="5007"/>
    <children xmi:type="notation:DecorationNode" xmi:id="_ZLGNsrtFEe-oKZD3TjNZHg" type="7003"/>
    <children xmi:type="notation:DecorationNode" xmi:id="_ZLGNs7tFEe-oKZD3TjNZHg" type="7009"/>
    <children xmi:type="notation:BasicCompartment" xmi:id="_ZLGNtLtFEe-oKZD3TjNZHg" type="7004">
      <styles xmi:type="notation:SortingStyle" xmi:id="_ZLGNtbtFEe-oKZD3TjNZHg"/>
      <styles xmi:type="notation:FilteringStyle" xmi:id="_ZLGNtrtFEe-oKZD3TjNZHg"/>
    </children>
    <children xmi:type="notation:DecorationNode" xmi:id="_ZLGNt7tFEe-oKZD3TjNZHg" type="5009">
      <styles xmi:type="notation:DrawerStyle" xmi:id="_ZLGNuLtFEe-oKZD3TjNZHg"/>
    </children>
    <children xmi:type="notation:DecorationNode" xmi:id="_ZLGNubtFEe-oKZD3TjNZHg" type="7005">
      <styles xmi:type="notation:SortingStyle" xmi:id="_ZLGNurtFEe-oKZD3TjNZHg"/>
      <styles xmi:type="notation:FilteringStyle" xmi:id="_ZLGNu7tFEe-oKZD3TjNZHg"/>
    </children>
    <children xmi:type="notation:BasicCompartment" xmi:id="_ZLGNvLtFEe-oKZD3TjNZHg" type="7007"/>
    <element xmi:type="map:Datastore" href="resource.map#_ZJWhQLtFEe-oKZD3TjNZHg?fileId=_UR_MkLfKEe-iaoMtKSubDA$type=map?"/>
    <layoutConstraint xmi:type="notation:Bounds" xmi:id="_ZLFmobtFEe-oKZD3TjNZHg" x="720" y="663"/>
  </children>
  <children xmi:type="notation:Shape" xmi:id="_2abEELtEEe-oKZD3TjNZHg" type="2004" fontName="Segoe UI">
    <children xmi:type="notation:DecorationNode" xmi:id="_2abrILtEEe-oKZD3TjNZHg" type="5005"/>
    <children xmi:type="notation:DecorationNode" xmi:id="_2abrIbtEEe-oKZD3TjNZHg" type="5007"/>
    <children xmi:type="notation:DecorationNode" xmi:id="_2abrIrtEEe-oKZD3TjNZHg" type="7003"/>
    <children xmi:type="notation:DecorationNode" xmi:id="_2abrI7tEEe-oKZD3TjNZHg" type="7009"/>
    <children xmi:type="notation:BasicCompartment" xmi:id="_2abrJLtEEe-oKZD3TjNZHg" type="7004">
      <styles xmi:type="notation:SortingStyle" xmi:id="_2abrJbtEEe-oKZD3TjNZHg"/>
      <styles xmi:type="notation:FilteringStyle" xmi:id="_2abrJrtEEe-oKZD3TjNZHg"/>
    </children>
    <children xmi:type="notation:DecorationNode" xmi:id="_2abrJ7tEEe-oKZD3TjNZHg" type="5009">
      <styles xmi:type="notation:DrawerStyle" xmi:id="_2abrKLtEEe-oKZD3TjNZHg"/>
    </children>
    <children xmi:type="notation:DecorationNode" xmi:id="_2abrKbtEEe-oKZD3TjNZHg" type="7005">
      <styles xmi:type="notation:SortingStyle" xmi:id="_2abrKrtEEe-oKZD3TjNZHg"/>
      <styles xmi:type="notation:FilteringStyle" xmi:id="_2abrK7tEEe-oKZD3TjNZHg"/>
    </children>
    <children xmi:type="notation:BasicCompartment" xmi:id="_2acSMLtEEe-oKZD3TjNZHg" type="7007"/>
    <element xmi:type="map:Datastore" href="resource.map#_2ZhFILtEEe-oKZD3TjNZHg?fileId=_UR_MkLfKEe-iaoMtKSubDA$type=map?"/>
    <layoutConstraint xmi:type="notation:Bounds" xmi:id="_2abEEbtEEe-oKZD3TjNZHg" x="30" y="409"/>
  </children>
  <children xmi:type="notation:Shape" xmi:id="_ZeS2gLtFEe-oKZD3TjNZHg" type="2004" fontName="Segoe UI">
    <children xmi:type="notation:DecorationNode" xmi:id="_ZeS2grtFEe-oKZD3TjNZHg" type="5005"/>
    <children xmi:type="notation:DecorationNode" xmi:id="_ZeS2g7tFEe-oKZD3TjNZHg" type="5007"/>
    <children xmi:type="notation:DecorationNode" xmi:id="_ZeS2hLtFEe-oKZD3TjNZHg" type="7003"/>
    <children xmi:type="notation:DecorationNode" xmi:id="_ZeS2hbtFEe-oKZD3TjNZHg" type="7009"/>
    <children xmi:type="notation:BasicCompartment" xmi:id="_ZeS2hrtFEe-oKZD3TjNZHg" type="7004">
      <styles xmi:type="notation:SortingStyle" xmi:id="_ZeS2h7tFEe-oKZD3TjNZHg"/>
      <styles xmi:type="notation:FilteringStyle" xmi:id="_ZeS2iLtFEe-oKZD3TjNZHg"/>
    </children>
    <children xmi:type="notation:DecorationNode" xmi:id="_ZeS2ibtFEe-oKZD3TjNZHg" type="5009">
      <styles xmi:type="notation:DrawerStyle" xmi:id="_ZeS2irtFEe-oKZD3TjNZHg"/>
    </children>
    <children xmi:type="notation:DecorationNode" xmi:id="_ZeUEoLtFEe-oKZD3TjNZHg" type="7005">
      <styles xmi:type="notation:SortingStyle" xmi:id="_ZeUEobtFEe-oKZD3TjNZHg"/>
      <styles xmi:type="notation:FilteringStyle" xmi:id="_ZeUEortFEe-oKZD3TjNZHg"/>
    </children>
    <children xmi:type="notation:BasicCompartment" xmi:id="_ZeUEo7tFEe-oKZD3TjNZHg" type="7007"/>
    <element xmi:type="map:Datastore" href="resource.map#_ZdBrMLtFEe-oKZD3TjNZHg?fileId=_UR_MkLfKEe-iaoMtKSubDA$type=map?"/>
    <layoutConstraint xmi:type="notation:Bounds" xmi:id="_ZeS2gbtFEe-oKZD3TjNZHg" x="720" y="954"/>
  </children>
  <children xmi:type="notation:Shape" xmi:id="_59KLALtEEe-oKZD3TjNZHg" type="2001" fontName="Segoe UI">
    <children xmi:type="notation:DecorationNode" xmi:id="_59KyELtEEe-oKZD3TjNZHg" type="5001"/>
    <children xmi:type="notation:DecorationNode" xmi:id="_59LZILtEEe-oKZD3TjNZHg" type="5007"/>
    <children xmi:type="notation:DecorationNode" xmi:id="_59LZIbtEEe-oKZD3TjNZHg" type="7001"/>
    <children xmi:type="notation:DecorationNode" xmi:id="_59LZIrtEEe-oKZD3TjNZHg" type="7011"/>
    <children xmi:type="notation:BasicCompartment" xmi:id="_59LZI7tEEe-oKZD3TjNZHg" type="7002">
      <styles xmi:type="notation:SortingStyle" xmi:id="_59LZJLtEEe-oKZD3TjNZHg"/>
      <styles xmi:type="notation:FilteringStyle" xmi:id="_59LZJbtEEe-oKZD3TjNZHg"/>
    </children>
    <children xmi:type="notation:DecorationNode" xmi:id="_59LZJrtEEe-oKZD3TjNZHg" type="5008">
      <styles xmi:type="notation:DrawerStyle" xmi:id="_59LZJ7tEEe-oKZD3TjNZHg"/>
    </children>
    <children xmi:type="notation:BasicCompartment" xmi:id="_59LZKLtEEe-oKZD3TjNZHg" type="7007"/>
    <element xmi:type="map:Query" href="resource.map#_582pALtEEe-oKZD3TjNZHg?fileId=_UR_MkLfKEe-iaoMtKSubDA$type=map?"/>
    <layoutConstraint xmi:type="notation:Bounds" xmi:id="_59KLAbtEEe-oKZD3TjNZHg" x="240" y="523"/>
  </children>
  <styles xmi:type="notation:DiagramStyle" xmi:id="_vDGRMbtEEe-oKZD3TjNZHg"/>
  <element xmi:type="map:Map" href="resource.map#_UR_MkLfKEe-iaoMtKSubDA?fileId=_UR_MkLfKEe-iaoMtKSubDA$type=map$name=ALIM_SAS?"/>
  <edges xmi:type="notation:Edge" xmi:id="_59eUELtEEe-oKZD3TjNZHg" type="targetLink" source="_59KLALtEEe-oKZD3TjNZHg" target="_2abEELtEEe-oKZD3TjNZHg">
    <element xsi:nil="true"/>
    <bendpoints xmi:type="notation:RelativeBendpoints" xmi:id="_59eUEbtEEe-oKZD3TjNZHg" points="[0, 0, 60, 0]$[-60, 0, 0, 0]"/>
    <sourceAnchor xmi:type="notation:IdentityAnchor" xmi:id="_7Kmdssb5Ee-lu90_xx3znQ" id="(0.0,0.06093189964157706)"/>
    <targetAnchor xmi:type="notation:IdentityAnchor" xmi:id="_7Kmds8b5Ee-lu90_xx3znQ" id="(1.0,0.49809885931558934)"/>
  </edges>
  <edges xmi:type="notation:Edge" xmi:id="_59gJQLtEEe-oKZD3TjNZHg" type="targetDataSetLink" source="_59KLALtEEe-oKZD3TjNZHg" target="_59KLALtEEe-oKZD3TjNZHg">
    <element xmi:type="map:DataSet" href="resource.map#_2aNosLtEEe-oKZD3TjNZHg?fileId=_UR_MkLfKEe-iaoMtKSubDA$type=map?"/>
    <bendpoints xmi:type="notation:RelativeBendpoints" xmi:id="_59gJQbtEEe-oKZD3TjNZHg" points="[0, 0, 0, 0]$[0, 0, 0, 0]"/>
  </edges>
  <edges xmi:type="notation:Edge" xmi:id="_59hXYLtEEe-oKZD3TjNZHg" type="targetSetLink" source="_59KLALtEEe-oKZD3TjNZHg" target="_59KLALtEEe-oKZD3TjNZHg">
    <element xmi:type="map:SetDescriptor" href="resource.map#_59XmYLtEEe-oKZD3TjNZHg?fileId=_UR_MkLfKEe-iaoMtKSubDA$type=map?"/>
    <bendpoints xmi:type="notation:RelativeBendpoints" xmi:id="_59hXYbtEEe-oKZD3TjNZHg" points="[0, 0, 0, 0]$[0, 0, 0, 0]"/>
  </edges>
  <edges xmi:type="notation:Edge" xmi:id="_s8RSILtFEe-oKZD3TjNZHg" type="targetLink" source="_Z9LK4LtFEe-oKZD3TjNZHg" target="_59KLALtEEe-oKZD3TjNZHg">
    <element xsi:nil="true"/>
    <bendpoints xmi:type="notation:RelativeBendpoints" xmi:id="_s8R5MLtFEe-oKZD3TjNZHg" points="[0, 0, 190, -450]$[-61, 283, 129, -167]$[-94, 325, 96, -125]$[-155, 417, 35, -33]$[-190, 450, 0, 0]"/>
    <sourceAnchor xmi:type="notation:IdentityAnchor" xmi:id="_7KoS4sb5Ee-lu90_xx3znQ" id="(0.0,0.3973509933774834)"/>
    <targetAnchor xmi:type="notation:IdentityAnchor" xmi:id="_7KoS48b5Ee-lu90_xx3znQ" id="(1.0,0.06093189964157706)"/>
  </edges>
  <edges xmi:type="notation:Edge" xmi:id="_s8UVcLtFEe-oKZD3TjNZHg" type="targetDataSetLink" source="_Z9LK4LtFEe-oKZD3TjNZHg" target="_Z9LK4LtFEe-oKZD3TjNZHg">
    <element xmi:type="map:DataSet" href="resource.map#_585sULtEEe-oKZD3TjNZHg?fileId=_UR_MkLfKEe-iaoMtKSubDA$type=map?"/>
    <bendpoints xmi:type="notation:RelativeBendpoints" xmi:id="_s8UVcbtFEe-oKZD3TjNZHg" points="[0, 0, 0, 0]$[0, 0, 0, 0]"/>
  </edges>
  <edges xmi:type="notation:Edge" xmi:id="_s8U8gLtFEe-oKZD3TjNZHg" type="targetSetLink" source="_Z9LK4LtFEe-oKZD3TjNZHg" target="_Z9LK4LtFEe-oKZD3TjNZHg">
    <element xmi:type="map:SetDescriptor" href="resource.map#_s7P-cLtFEe-oKZD3TjNZHg?fileId=_UR_MkLfKEe-iaoMtKSubDA$type=map?"/>
    <bendpoints xmi:type="notation:RelativeBendpoints" xmi:id="_s8U8gbtFEe-oKZD3TjNZHg" points="[0, 0, 0, 0]$[0, 0, 0, 0]"/>
  </edges>
  <edges xmi:type="notation:Edge" xmi:id="_1Q_hYLtFEe-oKZD3TjNZHg" type="targetLink" source="_Z9LK4LtFEe-oKZD3TjNZHg" target="_DMoLQLtFEe-oKZD3TjNZHg">
    <element xsi:nil="true"/>
    <bendpoints xmi:type="notation:RelativeBendpoints" xmi:id="_1Q_hYbtFEe-oKZD3TjNZHg" points="[0, 0, 154, -328]$[-154, 328, 0, 0]"/>
    <sourceAnchor xmi:type="notation:IdentityAnchor" xmi:id="_7KphAcb5Ee-lu90_xx3znQ" id="(0.0,0.1986754966887417)"/>
    <targetAnchor xmi:type="notation:IdentityAnchor" xmi:id="_7KphAsb5Ee-lu90_xx3znQ" id="(1.0,0.13793103448275862)"/>
  </edges>
  <edges xmi:type="notation:Edge" xmi:id="_2OtG0LtFEe-oKZD3TjNZHg" type="joinLink" source="_2Oo1YLtFEe-oKZD3TjNZHg" target="_Z9LK4LtFEe-oKZD3TjNZHg">
    <element xmi:type="map:DataSet" href="resource.map#_585sULtEEe-oKZD3TjNZHg?fileId=_UR_MkLfKEe-iaoMtKSubDA$type=map?"/>
    <bendpoints xmi:type="notation:RelativeBendpoints" xmi:id="_2OtG0btFEe-oKZD3TjNZHg" points="[0, 0, 66, 0]$[-66, 0, 0, 0]"/>
    <sourceAnchor xmi:type="notation:IdentityAnchor" xmi:id="_7Kl2pMb5Ee-lu90_xx3znQ" id="(0.0,0.5)"/>
    <targetAnchor xmi:type="notation:IdentityAnchor" xmi:id="_7Kl2pcb5Ee-lu90_xx3znQ" id="(1.0,0.4966887417218543)"/>
  </edges>
  <edges xmi:type="notation:Edge" xmi:id="_YHRjwLtGEe-decK1358zUw" type="targetLink" source="_ZLFmoLtFEe-oKZD3TjNZHg" target="_59KLALtEEe-oKZD3TjNZHg">
    <element xsi:nil="true"/>
    <bendpoints xmi:type="notation:RelativeBendpoints" xmi:id="_YHRjwbtGEe-decK1358zUw" points="[0, 0, 190, 0]$[-190, 0, 0, 0]"/>
    <sourceAnchor xmi:type="notation:IdentityAnchor" xmi:id="_7KoS4Mb5Ee-lu90_xx3znQ" id="(0.0,0.3116883116883117)"/>
    <targetAnchor xmi:type="notation:IdentityAnchor" xmi:id="_7KoS4cb5Ee-lu90_xx3znQ" id="(1.0,0.7598566308243727)"/>
  </edges>
  <edges xmi:type="notation:Edge" xmi:id="_YHVOILtGEe-decK1358zUw" type="targetDataSetLink" source="_ZLFmoLtFEe-oKZD3TjNZHg" target="_ZLFmoLtFEe-oKZD3TjNZHg">
    <element xmi:type="map:DataSet" href="resource.map#_585sULtEEe-oKZD3TjNZHg?fileId=_UR_MkLfKEe-iaoMtKSubDA$type=map?"/>
    <bendpoints xmi:type="notation:RelativeBendpoints" xmi:id="_YHVOIbtGEe-decK1358zUw" points="[0, 0, 0, 0]$[0, 0, 0, 0]"/>
  </edges>
  <edges xmi:type="notation:Edge" xmi:id="_YHWcQLtGEe-decK1358zUw" type="targetSetLink" source="_ZLFmoLtFEe-oKZD3TjNZHg" target="_ZLFmoLtFEe-oKZD3TjNZHg">
    <element xmi:type="map:SetDescriptor" href="resource.map#_YDXUILtGEe-decK1358zUw?fileId=_UR_MkLfKEe-iaoMtKSubDA$type=map?"/>
    <bendpoints xmi:type="notation:RelativeBendpoints" xmi:id="_YHWcQbtGEe-decK1358zUw" points="[0, 0, 0, 0]$[0, 0, 0, 0]"/>
  </edges>
  <edges xmi:type="notation:Edge" xmi:id="_p2gloLtGEe-decK1358zUw" type="targetLink" source="_ZLFmoLtFEe-oKZD3TjNZHg" target="_DMoLQLtFEe-oKZD3TjNZHg">
    <element xsi:nil="true"/>
    <bendpoints xmi:type="notation:RelativeBendpoints" xmi:id="_p2globtGEe-decK1358zUw" points="[0, 0, 154, 279]$[-61, -122, 93, 157]$[-94, -141, 60, 138]$[-154, -279, 0, 0]"/>
    <sourceAnchor xmi:type="notation:IdentityAnchor" xmi:id="_7Ko58sb5Ee-lu90_xx3znQ" id="(0.0,0.23376623376623376)"/>
    <targetAnchor xmi:type="notation:IdentityAnchor" xmi:id="_7KphAMb5Ee-lu90_xx3znQ" id="(1.0,0.7126436781609196)"/>
  </edges>
  <edges xmi:type="notation:Edge" xmi:id="_qvHBkLtGEe-decK1358zUw" type="joinLink" source="_qu_FwLtGEe-decK1358zUw" target="_ZLFmoLtFEe-oKZD3TjNZHg">
    <element xmi:type="map:DataSet" href="resource.map#_585sULtEEe-oKZD3TjNZHg?fileId=_UR_MkLfKEe-iaoMtKSubDA$type=map?"/>
    <bendpoints xmi:type="notation:RelativeBendpoints" xmi:id="_qvHBkbtGEe-decK1358zUw" points="[0, 0, 60, 0]$[-60, 0, 0, 0]"/>
    <sourceAnchor xmi:type="notation:IdentityAnchor" xmi:id="_7KkBcMb5Ee-lu90_xx3znQ" id="(0.0,0.5)"/>
    <targetAnchor xmi:type="notation:IdentityAnchor" xmi:id="_7KkBccb5Ee-lu90_xx3znQ" id="(1.0,0.49783549783549785)"/>
  </edges>
  <edges xmi:type="notation:Edge" xmi:id="_JNz_sLtHEe-XqJPyWnfpIw" type="targetLink" source="_b3ydcLtFEe-oKZD3TjNZHg" target="_59KLALtEEe-oKZD3TjNZHg">
    <element xsi:nil="true"/>
    <bendpoints xmi:type="notation:RelativeBendpoints" xmi:id="_JNz_sbtHEe-XqJPyWnfpIw" points="[0, 0, 190, -263]$[-61, 150, 129, -113]$[-94, 167, 96, -96]$[-190, 263, 0, 0]"/>
    <sourceAnchor xmi:type="notation:IdentityAnchor" xmi:id="_7KoS5Mb5Ee-lu90_xx3znQ" id="(0.0,0.4)"/>
    <targetAnchor xmi:type="notation:IdentityAnchor" xmi:id="_7KoS5cb5Ee-lu90_xx3znQ" id="(1.0,0.12544802867383512)"/>
  </edges>
  <edges xmi:type="notation:Edge" xmi:id="_JN104LtHEe-XqJPyWnfpIw" type="targetDataSetLink" source="_b3ydcLtFEe-oKZD3TjNZHg" target="_b3ydcLtFEe-oKZD3TjNZHg">
    <element xmi:type="map:DataSet" href="resource.map#_585sULtEEe-oKZD3TjNZHg?fileId=_UR_MkLfKEe-iaoMtKSubDA$type=map?"/>
    <bendpoints xmi:type="notation:RelativeBendpoints" xmi:id="_JN104btHEe-XqJPyWnfpIw" points="[-28, 68, 173, -415]$[-135, 326, 66, -157]"/>
  </edges>
  <edges xmi:type="notation:Edge" xmi:id="_JN3DALtHEe-XqJPyWnfpIw" type="targetSetLink" source="_b3ydcLtFEe-oKZD3TjNZHg" target="_b3ydcLtFEe-oKZD3TjNZHg">
    <element xmi:type="map:SetDescriptor" href="resource.map#_JKfl8LtHEe-XqJPyWnfpIw?fileId=_UR_MkLfKEe-iaoMtKSubDA$type=map?"/>
    <bendpoints xmi:type="notation:RelativeBendpoints" xmi:id="_JN3DAbtHEe-XqJPyWnfpIw" points="[0, 0, 0, 0]$[0, 0, 0, 0]"/>
  </edges>
  <edges xmi:type="notation:Edge" xmi:id="_MbNv0LtHEe-XqJPyWnfpIw" type="targetLink" source="_b3ydcLtFEe-oKZD3TjNZHg" target="_DMoLQLtFEe-oKZD3TjNZHg">
    <element xsi:nil="true"/>
    <bendpoints xmi:type="notation:RelativeBendpoints" xmi:id="_MbNv0btHEe-XqJPyWnfpIw" points="[0, 0, 154, -132]$[-154, 132, 0, 0]"/>
    <sourceAnchor xmi:type="notation:IdentityAnchor" xmi:id="_7KphA8b5Ee-lu90_xx3znQ" id="(0.0,0.2)"/>
    <targetAnchor xmi:type="notation:IdentityAnchor" xmi:id="_7KphBMb5Ee-lu90_xx3znQ" id="(1.0,0.27586206896551724)"/>
  </edges>
  <edges xmi:type="notation:Edge" xmi:id="_Qk7XMLtHEe-XqJPyWnfpIw" type="joinLink" source="_Qkui4LtHEe-XqJPyWnfpIw" target="_DMoLQLtFEe-oKZD3TjNZHg">
    <element xsi:nil="true"/>
    <bendpoints xmi:type="notation:RelativeBendpoints" xmi:id="_Qk7XMbtHEe-XqJPyWnfpIw" points="[17, 1, 244, -554]$[77, 1, 304, -554]"/>
    <sourceAnchor xmi:type="notation:IdentityAnchor" xmi:id="_7Kl2oMb5Ee-lu90_xx3znQ" id="(1.0,0.52)"/>
    <targetAnchor xmi:type="notation:IdentityAnchor" xmi:id="_7Kl2ocb5Ee-lu90_xx3znQ" id="(1.0,0.5632183908045977)"/>
  </edges>
  <edges xmi:type="notation:Edge" xmi:id="_Qk8lULtHEe-XqJPyWnfpIw" type="joinLink" source="_Qkui4LtHEe-XqJPyWnfpIw" target="_59KLALtEEe-oKZD3TjNZHg">
    <element xsi:nil="true"/>
    <bendpoints xmi:type="notation:RelativeBendpoints" xmi:id="_Qk8lUbtHEe-XqJPyWnfpIw" points="[17, -1, 235, -268]$[77, -1, 295, -268]"/>
    <sourceAnchor xmi:type="notation:IdentityAnchor" xmi:id="_7KkogMb5Ee-lu90_xx3znQ" id="(1.0,0.44)"/>
    <targetAnchor xmi:type="notation:IdentityAnchor" xmi:id="_7KlPkMb5Ee-lu90_xx3znQ" id="(1.0,0.18996415770609318)"/>
  </edges>
  <edges xmi:type="notation:Edge" xmi:id="_U8a74LtHEe-XqJPyWnfpIw" type="joinLink" source="_U8TAELtHEe-XqJPyWnfpIw" target="_b3ydcLtFEe-oKZD3TjNZHg">
    <element xmi:type="map:DataSet" href="resource.map#_585sULtEEe-oKZD3TjNZHg?fileId=_UR_MkLfKEe-iaoMtKSubDA$type=map?"/>
    <bendpoints xmi:type="notation:RelativeBendpoints" xmi:id="_U8a74btHEe-XqJPyWnfpIw" points="[0, 0, 66, 0]$[-66, 0, 0, 0]"/>
    <sourceAnchor xmi:type="notation:IdentityAnchor" xmi:id="_7KizUMb5Ee-lu90_xx3znQ" id="(0.0,0.5)"/>
    <targetAnchor xmi:type="notation:IdentityAnchor" xmi:id="_7KjaYMb5Ee-lu90_xx3znQ" id="(1.0,0.4962962962962963)"/>
  </edges>
  <edges xmi:type="notation:Edge" xmi:id="_uROoALtHEe-RtatmNxgCNA" type="targetLink" source="_ZeS2gLtFEe-oKZD3TjNZHg" target="_59KLALtEEe-oKZD3TjNZHg">
    <element xsi:nil="true"/>
    <bendpoints xmi:type="notation:RelativeBendpoints" xmi:id="_uROoAbtHEe-RtatmNxgCNA" points="[0, 0, 190, 396]$[-190, -396, 0, 0]"/>
    <sourceAnchor xmi:type="notation:IdentityAnchor" xmi:id="_7Ko58Mb5Ee-lu90_xx3znQ" id="(0.0,0.7984790874524715)"/>
    <targetAnchor xmi:type="notation:IdentityAnchor" xmi:id="_7Ko58cb5Ee-lu90_xx3znQ" id="(1.0,0.8781362007168458)"/>
  </edges>
  <edges xmi:type="notation:Edge" xmi:id="_uRS5cLtHEe-RtatmNxgCNA" type="targetDataSetLink" source="_ZeS2gLtFEe-oKZD3TjNZHg" target="_ZeS2gLtFEe-oKZD3TjNZHg">
    <element xmi:type="map:DataSet" href="resource.map#_585sULtEEe-oKZD3TjNZHg?fileId=_UR_MkLfKEe-iaoMtKSubDA$type=map?"/>
    <bendpoints xmi:type="notation:RelativeBendpoints" xmi:id="_uRS5cbtHEe-RtatmNxgCNA" points="[0, 0, 0, 0]$[0, 0, 0, 0]"/>
  </edges>
  <edges xmi:type="notation:Edge" xmi:id="_uRUHkLtHEe-RtatmNxgCNA" type="targetSetLink" source="_ZeS2gLtFEe-oKZD3TjNZHg" target="_ZeS2gLtFEe-oKZD3TjNZHg">
    <element xmi:type="map:SetDescriptor" href="resource.map#_uMl_oLtHEe-RtatmNxgCNA?fileId=_UR_MkLfKEe-iaoMtKSubDA$type=map?"/>
    <bendpoints xmi:type="notation:RelativeBendpoints" xmi:id="_uRUHkbtHEe-RtatmNxgCNA" points="[0, 0, 0, 0]$[0, 0, 0, 0]"/>
  </edges>
  <edges xmi:type="notation:Edge" xmi:id="_2kF2ELtHEe-RtatmNxgCNA" type="targetLink" source="_ZeS2gLtFEe-oKZD3TjNZHg" target="_DMoLQLtFEe-oKZD3TjNZHg">
    <element xsi:nil="true"/>
    <bendpoints xmi:type="notation:RelativeBendpoints" xmi:id="_2kF2EbtHEe-RtatmNxgCNA" points="[0, 0, 154, 661]$[-61, -375, 93, 286]$[-154, -661, 0, 0]"/>
    <sourceAnchor xmi:type="notation:IdentityAnchor" xmi:id="_7KqIEsb5Ee-lu90_xx3znQ" id="(0.0,0.596958174904943)"/>
    <targetAnchor xmi:type="notation:IdentityAnchor" xmi:id="_7KqIE8b5Ee-lu90_xx3znQ" id="(1.0,0.8505747126436781)"/>
  </edges>
  <edges xmi:type="notation:Edge" xmi:id="_QFz80LtIEe-m5b-WgwpGlQ" type="targetLink" source="_crrYgLtFEe-oKZD3TjNZHg" target="_59KLALtEEe-oKZD3TjNZHg">
    <element xsi:nil="true"/>
    <bendpoints xmi:type="notation:RelativeBendpoints" xmi:id="_QFz80btIEe-m5b-WgwpGlQ" points="[0, 0, 190, -33]$[-61, 33, 129, 0]$[-190, 33, 0, 0]"/>
    <sourceAnchor xmi:type="notation:IdentityAnchor" xmi:id="_7KoS5sb5Ee-lu90_xx3znQ" id="(0.0,0.7485029940119761)"/>
    <targetAnchor xmi:type="notation:IdentityAnchor" xmi:id="_7KoS58b5Ee-lu90_xx3znQ" id="(1.0,0.25448028673835127)"/>
  </edges>
  <edges xmi:type="notation:Edge" xmi:id="_QF-U4LtIEe-m5b-WgwpGlQ" type="targetDataSetLink" source="_crrYgLtFEe-oKZD3TjNZHg" target="_crrYgLtFEe-oKZD3TjNZHg">
    <element xmi:type="map:DataSet" href="resource.map#_585sULtEEe-oKZD3TjNZHg?fileId=_UR_MkLfKEe-iaoMtKSubDA$type=map?"/>
    <bendpoints xmi:type="notation:RelativeBendpoints" xmi:id="_QF-U4btIEe-m5b-WgwpGlQ" points="[0, 0, 0, 0]$[0, 0, 0, 0]"/>
  </edges>
  <edges xmi:type="notation:Edge" xmi:id="_QGAxILtIEe-m5b-WgwpGlQ" type="targetSetLink" source="_crrYgLtFEe-oKZD3TjNZHg" target="_crrYgLtFEe-oKZD3TjNZHg">
    <element xmi:type="map:SetDescriptor" href="resource.map#_P9HT0LtIEe-m5b-WgwpGlQ?fileId=_UR_MkLfKEe-iaoMtKSubDA$type=map?"/>
    <bendpoints xmi:type="notation:RelativeBendpoints" xmi:id="_QGBYMLtIEe-m5b-WgwpGlQ" points="[0, 0, 0, 0]$[0, 0, 0, 0]"/>
  </edges>
  <edges xmi:type="notation:Edge" xmi:id="_X4o_8LtIEe-m5b-WgwpGlQ" type="targetLink" source="_crrYgLtFEe-oKZD3TjNZHg" target="_DMoLQLtFEe-oKZD3TjNZHg">
    <element xsi:nil="true"/>
    <bendpoints xmi:type="notation:RelativeBendpoints" xmi:id="_X4o_8btIEe-m5b-WgwpGlQ" points="[0, 0, 154, 64]$[-61, -31, 93, 33]$[-154, -64, 0, 0]"/>
    <sourceAnchor xmi:type="notation:IdentityAnchor" xmi:id="_7KqIEMb5Ee-lu90_xx3znQ" id="(0.0,0.24550898203592814)"/>
    <targetAnchor xmi:type="notation:IdentityAnchor" xmi:id="_7KqIEcb5Ee-lu90_xx3znQ" id="(1.0,0.42528735632183906)"/>
  </edges>
  <edges xmi:type="notation:Edge" xmi:id="_3zhNIMb5Ee-lu90_xx3znQ" type="joinLink" source="_3zZRUMb5Ee-lu90_xx3znQ" target="_ZeS2gLtFEe-oKZD3TjNZHg">
    <element xmi:type="map:DataSet" href="resource.map#_585sULtEEe-oKZD3TjNZHg?fileId=_UR_MkLfKEe-iaoMtKSubDA$type=map?"/>
    <bendpoints xmi:type="notation:RelativeBendpoints" xmi:id="_3zhNIcb5Ee-lu90_xx3znQ" points="[0, 0, 66, 0]$[-66, 0, 0, 0]"/>
    <sourceAnchor xmi:type="notation:IdentityAnchor" xmi:id="_7KmdtMb5Ee-lu90_xx3znQ" id="(0.0,0.5)"/>
    <targetAnchor xmi:type="notation:IdentityAnchor" xmi:id="_7Kmdtcb5Ee-lu90_xx3znQ" id="(1.0,0.49809885931558934)"/>
  </edges>
  <edges xmi:type="notation:Edge" xmi:id="_3zibQMb5Ee-lu90_xx3znQ" type="joinLink" source="_3zZRVcb5Ee-lu90_xx3znQ" target="_crrYgLtFEe-oKZD3TjNZHg">
    <element xmi:type="map:DataSet" href="resource.map#_585sULtEEe-oKZD3TjNZHg?fileId=_UR_MkLfKEe-iaoMtKSubDA$type=map?"/>
    <bendpoints xmi:type="notation:RelativeBendpoints" xmi:id="_3zibQcb5Ee-lu90_xx3znQ" points="[0, 0, 66, 0]$[-66, 0, 0, 0]"/>
    <sourceAnchor xmi:type="notation:IdentityAnchor" xmi:id="_7Kl2osb5Ee-lu90_xx3znQ" id="(0.0,0.5)"/>
    <targetAnchor xmi:type="notation:IdentityAnchor" xmi:id="_7Kl2o8b5Ee-lu90_xx3znQ" id="(1.0,0.49700598802395207)"/>
  </edges>
  <edges xmi:type="notation:Edge" xmi:id="_1amYQMeZEe-lu90_xx3znQ" type="targetLink" source="_DMoLQLtFEe-oKZD3TjNZHg" target="_2abEELtEEe-oKZD3TjNZHg">
    <element xsi:nil="true"/>
    <bendpoints xmi:type="notation:RelativeBendpoints" xmi:id="_1amYQceZEe-lu90_xx3znQ" points="[-112, 44, 198, -77]$[-235, 92, 75, -29]"/>
  </edges>
  <edges xmi:type="notation:Edge" xmi:id="_1anmYMeZEe-lu90_xx3znQ" type="targetDataSetLink" source="_DMoLQLtFEe-oKZD3TjNZHg" target="_DMoLQLtFEe-oKZD3TjNZHg">
    <element xmi:type="map:DataSet" href="resource.map#_2aNosLtEEe-oKZD3TjNZHg?fileId=_UR_MkLfKEe-iaoMtKSubDA$type=map?"/>
    <bendpoints xmi:type="notation:RelativeBendpoints" xmi:id="_1anmYceZEe-lu90_xx3znQ" points="[0, 0, 0, 0]$[0, 0, 0, 0]"/>
  </edges>
  <edges xmi:type="notation:Edge" xmi:id="_1aoNcMeZEe-lu90_xx3znQ" type="targetSetLink" source="_DMoLQLtFEe-oKZD3TjNZHg" target="_DMoLQLtFEe-oKZD3TjNZHg">
    <element xmi:type="map:SetDescriptor" href="resource.map#_FQm1MbtFEe-oKZD3TjNZHg?fileId=_UR_MkLfKEe-iaoMtKSubDA$type=map?"/>
    <bendpoints xmi:type="notation:RelativeBendpoints" xmi:id="_1aoNcceZEe-lu90_xx3znQ" points="[0, 0, 0, 0]$[0, 0, 0, 0]"/>
  </edges>
</notation:Diagram>
]]></diagram>
</map:map>